root@rockchip-rk3588-rock-5b:~# 
root@rockchip-rk3588-rock-5b:~# 
root@rockchip-rk3588-rock-5b:~# 
root@rockchip-rk3588-rock-5b:~# ls
root@rockchip-rk3588-rock-5b:~# ls
root@rockchip-rk3588-rock-5b:~# cd /
root@rockchip-rk3588-rock-5b:/# ls
bin         dev         home        lost+found  mnt         run         sys         tmp         var
boot        etc         lib         media       proc        sbin        system      usr         vendor
root@rockchip-rk3588-rock-5b:/# reboot

Broadcast message from root@rockchip-rk3588-rock-5b (ttyFIQ0) (Fri Jan  1 12:30:05 2021):

The system is going down for reboot NOW!
INIT: Switching to runlevel: 6
INIT: Sending processes configured via /etc/inittab the TERM signal
root@rockchip-rk3588-rock-5b:/# Stopping OpenBSD Secure Shell server: sshd.
 * Stopping Avahi mDNS/DNS-SD Daemon: avahi-daemon
   ...done.
Stopping bluetooth: bluetoothd.
Stopping system message bus: dbus.
Stopping syslogd/klogd: done
Stopping Weston
Stopping Android Debug Bridge[ 1809.672441] dwc3 fc000000.usb: request 00000000b5cc85e8 was not queued to ep0out
[ 1809.672531] android_work: sent uevent USB_STATE=DISCONNECTED
[ 1809.707658] rockchip-vop2 fdd90000.vop: [drm:vop2_crtc_atomic_disable] Crtc atomic disable vp0
[ 1809.707787] ffs_data_put(): freeing
[ 1809.715626] unloading
.
start-stop-daemon: warning: failed to kill 611: No such process
Unmounting remote filesystems...
Stopping rpcbind daemon...
done.
Deconfiguring network interfaces... done.
Sending all processes the TERM signal...
Sending all processes the KILL signal...
Deactivating swap...
Unmounting local filesystems...
[ 1814.873426] EXT4-fs (mmcblk0p3): re-mounted. Quota mode: disabled.
Rebooting... [ 1814.925304] mpp_av1dec fdc70000.av1d: shutdown device
[ 1814.925775] mpp_av1dec fdc70000.av1d: shutdown success
[ 1814.926233] mpp_rkvenc2 fdbe0000.rkvenc-core: shutdown device
[ 1814.926737] mpp_rkvenc2 fdbe0000.rkvenc-core: shutdown success
[ 1814.927258] mpp_rkvenc2 fdbd0000.rkvenc-core: shutdown device
[ 1814.927762] mpp_rkvenc2 fdbd0000.rkvenc-core: shutdown success
[ 1814.928281] mpp_rkvdec2 fdc48100.rkvdec-core: shutdown device
[ 1814.928795] mpp_rkvdec2 fdc48100.rkvdec-core: shutdown success
[ 1814.929318] mpp_rkvdec2 fdc38100.rkvdec-core: shutdown device
[ 1814.929822] mpp_rkvdec2 fdc38100.rkvdec-core: shutdown success
[ 1814.930342] mpp_jpgdec fdb90000.jpegd: shutdown device
[ 1814.930802] mpp_jpgdec fdb90000.jpegd: shutdown success
[ 1814.931267] mpp-iep2 fdbb0000.iep: shutdown device
[ 1814.931695] mpp-iep2 fdbb0000.iep: shutdown success
[ 1814.932129] mpp_vepu2 fdbac000.jpege-core: shutdown device
[ 1814.932612] mpp_vepu2 fdbac000.jpege-core: shutdown success
[ 1814.933117] mpp_vepu2 fdba8000.jpege-core: shutdown device
[ 1814.933600] mpp_vepu2 fdba8000.jpege-core: shutdown success
[ 1814.934099] mpp_vepu2 fdba4000.jpege-core: shutdown device
[ 1814.934582] mpp_vepu2 fdba4000.jpege-core: shutdown success
[ 1814.935080] mpp_vepu2 fdba0000.jpege-core: shutdown device
[ 1814.935562] mpp_vepu2 fdba0000.jpege-core: shutdown success
[ 1814.936059] mpp_vepu2 fdb50000.vepu: shutdown device
[ 1814.936499] mpp_vepu2 fdb50000.vepu: shutdown success
[ 1814.936961] mpp_vdpu2 fdb50400.vdpu: shutdown device
[ 1814.937400] mpp_vdpu2 fdb50400.vdpu: shutdown success
[ 1814.941286] rk860-regulator 1-0042: rk860..... reset
[ 1814.942685] rk860-regulator 1-0042: force rk860x_reset ok!
[ 1814.943206] rk860-regulator 0-0043: rk860..... reset
[ 1814.944599] rk860-regulator 0-0043: force rk860x_reset ok!
[ 1814.945100] rk860-regulator 0-0042: rk860..... reset
[ 1814.946492] rk860-regulator 0-0042: force rk860x_reset ok!
[ 1814.949221] [WLAN_RFKILL]: Enter rfkill_wlan_shutdown
[ 1814.949674] [WLAN_RFKILL]: rockchip_wifi_power: 0
[ 1814.950093] [BT_RFKILL]: rfkill_get_bt_power_state: rfkill-bt driver has not Successful initialized
[ 1814.950882] [BT_RFKILL]: rfkill_get_bt_power_state: rfkill-bt driver has not Successful initialized
[ 1814.951669] [WLAN_RFKILL]: wifi shut off power [GPIO-1-1]
[ 1814.952150] [WLAN_RFKILL]: rfkill_set_wifi_bt_power: 0
[ 1814.953045] rockchip-i2s-tdm fddf8000.i2s: failed to clear 1 on slave mode
[ 1814.954040] xhci-hcd xhci-hcd.13.auto: remove, state 4
[ 1814.954498] usb usb4: USB disconnect, device number 1
[ 1814.955343] xhci-hcd xhci-hcd.13.auto: USB bus 4 deregistered
[ 1814.955963] xhci-hcd xhci-hcd.13.auto: remove, state 4
[ 1814.956419] usb usb3: USB disconnect, device number 1
[ 1814.957387] xhci-hcd xhci-hcd.13.auto: USB bus 3 deregistered
[ 1814.959104] xhci-hcd xhci-hcd.12.auto: remove, state 4
[ 1814.959562] usb usb2: USB disconnect, device number 1
[ 1814.960439] xhci-hcd xhci-hcd.12.auto: USB bus 2 deregistered
[ 1814.961128] xhci-hcd xhci-hcd.12.auto: remove, state 4
[ 1814.961582] usb usb1: USB disconnect, device number 1
[ 1814.962350] xhci-hcd xhci-hcd.12.auto: USB bus 1 deregistered
[ 1815.163822] reboot: Restarting system
DDR 9fa84341ce typ 24/09/06-09:51:11,fwver: v1.18
ch0 ttot6
ch1 ttot6
ch2 ttot6
ch3 ttot6
ch0 ttot7
LPDDR5, 2400MHz
channel[0] BW=16 Col=10 Bk=16 CS0 Row=16 CS=1 Die BW=16 Size=2048MB
ch1 ttot7
channel[1] BW=16 Col=10 Bk=16 CS0 Row=16 CS=1 Die BW=16 Size=2048MB
ch2 ttot7
channel[2] BW=16 Col=10 Bk=16 CS0 Row=16 CS=1 Die BW=16 Size=2048MB
ch3 ttot7
channel[3] BW=16 Col=10 Bk=16 CS0 Row=16 CS=1 Die BW=16 Size=2048MB
Manufacturer ID:0x6
DQS rds:h1,h1 
CH0 RX Vref:30.5%, TX Vref:19.0%,0.0%
DQ rds:h4 h1 h1 h2 h2 h1 h1 l0, l0 l1 h5 h2 h2 l1 h1 l0 

DQS rds:l0,h1 
CH1 RX Vref:30.1%, TX Vref:20.0%,0.0%
DQ rds:l1 l0 h1 l1 h1 l0 h1 l0, h3 h1 l0 l0 h1 h3 h1 h3 

DQS rds:h2,l0 
CH2 RX Vref:29.7%, TX Vref:21.0%,0.0%
DQ rds:h5 h1 h1 h4 h1 l0 h2 h1, h1 h1 h2 h2 l1 l0 h5 l0 

DQS rds:l0,h1 
CH3 RX Vref:29.7%, TX Vref:21.0%,0.0%
DQ rds:h1 h1 h4 h1 h7 h5 h3 h1, h3 l0 h3 h4 h1 h1 l0 h2 

stride=0x2, ddr_config=0x2
hash ch_mask0-1 0x20 0x40, bank_mask0-3 0x0 0x2400 0x44800 0x89000, rank_mask0 0x0
change to F1: 534MHz
ch0 ttot6
ch1 ttot6
ch2 ttot6
ch3 ttot6
change to F2: 1320MHz
ch0 ttot8
ch1 ttot8
ch2 ttot8
ch3 ttot8
change to F3: 1968MHz
ch0 ttot6
ch1 ttot6
ch2 ttot6
ch3 ttot6
change to F0: 2400MHz
ch0 ttot7
ch1 ttot7
ch2 ttot7
ch3 ttot7
out
U-Boot SPL board init
U-Boot SPL 2017.09-ge4e124926e-230922 #lxh (Sep 25 2023 - 10:58:38), fwver: v1.13
Trying to boot from MMC2
MMC: no card present
mmc_init: -123, time 0
spl: mmc init failed with error: -123
Trying to boot from MMC1
No misc partition
Trying fit image at 0x1000 sector
## Verified-boot: 0
## Checking atf-1 0x00040000 (gzip @0x00240000) ... sha256(7ecd303006...) + sha256(6a4a192c10...) + OK
## Checking uboot 0x00200000 (gzip @0x00400000) ... sha256(6c2550654f...) + sha256(91a0839a55...) + OK
## Checking fdt 0x00349bc0 ... sha256(a434b1c4fe...) + OK
## Checking atf-2 0xff100000 ... sha256(70505bb764...) + OK
## Checking atf-3 0x000f0000 ... sha256(569ee96047...) + OK
## Checking optee 0x08400000 (gzip @0x08600000) ... sha256(06480b21d9...) + sha256(66e4b7a4cd...) + OK
Jumping to U-Boot(0x00200000) via ARM Trusted Firmware(0x00040000)
Total: 494.698/746.27 ms

INFO:    Preloader serial: 2
NOTICE:  BL31: v2.3():v2.3-831-g92b1674a5:derrick.huang, fwver: v1.47
NOTICE:  BL31: Built : 16:18:39, Sep  4 2024
INFO:    spec: 0x1
INFO:    code: 0x88
INFO:    ext 32k is not valid
INFO:    ddr: stride-en 4CH
INFO:    GICv3 without legacy support detected.
INFO:    ARM GICv3 driver initialized in EL3
INFO:    valid_cpu_msk=0xff bcore0_rst = 0x0, bcore1_rst = 0x0
INFO:    l3 cache partition cfg-0
INFO:    system boots from cpu-hwid-0
INFO:    disable memory repair
INFO:    idle_st=0x21fff, pd_st=0x11fff9, repair_st=0xfff70001
INFO:    dfs DDR fsp_params[0].freq_mhz= 2400MHz
INFO:    dfs DDR fsp_params[1].freq_mhz= 534MHz
INFO:    dfs DDR fsp_params[2].freq_mhz= 1320MHz
INFO:    dfs DDR fsp_params[3].freq_mhz= 1968MHz
INFO:    BL31: Initialising Exception Handling Framework
INFO:    BL31: Initializing runtime services
INFO:    BL31: Initializing BL32
I/TC: 
I/TC: OP-TEE version: 3.13.0-860-g6c78a7d8c #hisping.lin (gcc version 10.2.1 20201103 (GNU Toolchain for the A-profile Architecture 10.2-2020.11 (arm-10.16))) #2 Mon Sep  2 14:08:41 CST 2024 aarch64, fwver: v1.17 
I/TC: OP-TEE memory: TEEOS 0x200000 TA 0xc00000 SHM 0x200000
I/TC: Primary CPU initializing
I/TC: Primary CPU switching to normal world boot
INFO:    BL31: Preparing for EL3 exit to normal world
INFO:    Entry point address = 0x200000
INFO:    SPSR = 0x3c9


U-Boot 2017.09 (Nov 15 2024 - 12:40:46 +0000)

Model: Rockchip RK3588 Evaluation Board
MPIDR: 0x0
PreSerial: 2, raw, 0xfeb50000
DRAM:  8 GiB
Sysmem: init
Relocation Offset: eda14000
Relocation fdt: eb9fa8a0 - eb9fece0
CR: M/C/I
Using default environment

optee api revision: 2.0
mmc@fe2c0000: 1, mmc@fe2e0000: 0
Bootdev(atags): mmc 0
MMC0: HS400 Enhanced Strobe, 200Mhz
PartType: EFI
TEEC: Waring: Could not find security partition
DM: v2
No misc partition
boot mode: normal
RESC: 'boot', blk@0x0000b4f8
/lib/avb/libavb_user/avb_ops_user.c: trusty_read_lock_state failed
Error determining whether device is unlocked.
Device is: UNLOCKED
DTB: rk-kernel.dtb
HASH(c): OK
usb dr_mode not found
usb dr_mode not found
usb dr_mode not found
I2c0 speed: 100000Hz
vsel-gpios- not found!
en-gpios- not found!
vdd_cpu_big0_s0 800000 uV
vsel-gpios- not found!
en-gpios- not found!
vdd_cpu_big1_s0 800000 uV
I2c1 speed: 100000Hz
vsel-gpios- not found!
en-gpios- not found!
vdd_npu_s0 800000 uV
spi2: RK806: 2
ON=0x40, OFF=0x00
vdd_gpu_s0 750000 uV
vdd_cpu_lit_s0 init 800000 uV
vdd_log_s0 750000 uV
vdd_vdenc_s0 init 750000 uV
vdd_ddr_s0 850000 uV
get vp0 plane mask:0x5, primary id:0, cursor_plane:2, from dts
get vp1 plane mask:0xa, primary id:1, cursor_plane:3, from dts
get vp2 plane mask:0x140, primary id:6, cursor_plane:8, from dts
get vp3 plane mask:0x280, primary id:7, cursor_plane:9, from dts
Could not find baseparameter partition
Model: Radxa ROCK 5B
Minidump: init...
Rockchip UBOOT DRM driver version: v1.0.1
vp0 have layer nr:2[0 2 ], primary plane: 0
vp1 have layer nr:2[1 3 ], primary plane: 1
vp2 have layer nr:2[6 8 ], primary plane: 6
vp3 have layer nr:2[7 9 ], primary plane: 7
phy@fed80000: mode 0x02 is not support
PHY: Failed to power on dp-port: -22.
dp@fde50000 disconnected
CLK: (sync kernel. arm: enter 1008000 KHz, init 1008000 KHz, kernel 0N/A)
  b0pll 24000 KHz
  b1pll 24000 KHz
  lpll 24000 KHz
  v0pll 24000 KHz
  aupll 786431 KHz
  cpll 1500000 KHz
  gpll 1188000 KHz
  npll 850000 KHz
  ppll 1100000 KHz
  aclk_center_root 702000 KHz
  pclk_center_root 100000 KHz
  hclk_center_root 396000 KHz
  aclk_center_low_root 500000 KHz
  aclk_top_root 750000 KHz
  pclk_top_root 100000 KHz
  aclk_low_top_root 396000 KHz
Net:   No ethernet found.
Hit key to stop autoboot('CTRL+C'):  0 
Could not find misc partition
ANDROID: reboot reason: "(none)"
Not AVB images, AVB skip
ANDROID: sha1(d7f3c63bd9...) + OK
Booting LZ4 kernel at 0x05480000(Uncompress to 0x00400000) with fdt at 0x08300000...


Fdt Ramdisk skip relocation
No misc partition
## Booting Android Image at 0x0547f800 ...
Kernel: 0x00400000 - 0x0149e14b (17017 KiB)
## Flattened Device Tree blob at 0x08300000
   Booting using the fdt blob at 0x08300000
   Uncompressing LZ4 Kernel Image from 0x05480000 to 0x00400000 ... with 02669200 bytes OK
   kernel loaded at 0x00400000, end = 0x02a69200
   Using Device Tree in place at 0000000008300000, end 0000000008345462
## reserved-memory:
  cma: addr=10000000 size=10000000
  drm-logo@0: addr=edf00000 size=15a000
  ramoops@110000: addr=110000 size=e0000
Adding bank: 0x00200000 - 0x08400000 (size: 0x08200000)
Adding bank: 0x09400000 - 0xf0000000 (size: 0xe6c00000)
Adding bank: 0x100000000 - 0x200000000 (size: 0x100000000)
Adding bank: 0x2f0000000 - 0x300000000 (size: 0x10000000)
Total: 1212.735/2061.229 ms

Starting kernel ...

[    2.066375] Booting Linux on physical CPU 0x0000000000 [0x412fd050]
[    2.066401] Linux version 6.1.84-rockchip-standard (oe-user@oe-host) (aarch64-poky-linux-gcc (GCC) 13.3.0, GNU ld (GNU Binutils) 2.42.0.20240723) #1 SMP Sat Mar 22 13:15:12 UTC 2025
[    2.069061] random: crng init done
[    2.073481] Machine model: Radxa ROCK 5B
[    2.085268] earlycon: uart8250 at MMIO32 0x00000000feb50000 (options '')
[    2.088593] printk: bootconsole [uart8250] enabled
[    2.091117] efi: UEFI not found.
[    2.093485] OF: fdt: Reserved memory: failed to reserve memory for node 'drm-cubic-lut@0': base 0x0000000000000000, size 0 MiB
[    2.094574] Reserved memory: created CMA memory pool at 0x0000000010000000, size 256 MiB
[    2.095313] OF: reserved mem: initialized node cma, compatible id shared-dma-pool
[    2.211671] Zone ranges:
[    2.211917]   DMA      [mem 0x0000000000200000-0x00000000ffffffff]
[    2.212490]   DMA32    empty
[    2.212756]   Normal   [mem 0x0000000100000000-0x00000002ffffffff]
[    2.213322] Movable zone start for each node
[    2.213711] Early memory node ranges
[    2.214037]   node   0: [mem 0x0000000000200000-0x00000000083fffff]
[    2.214611]   node   0: [mem 0x0000000009400000-0x00000000efffffff]
[    2.215184]   node   0: [mem 0x0000000100000000-0x00000001ffffffff]
[    2.215758]   node   0: [mem 0x00000002f0000000-0x00000002ffffffff]
[    2.216332] Initmem setup node 0 [mem 0x0000000000200000-0x00000002ffffffff]
[    2.217822] On node 0, zone DMA: 512 pages in unavailable ranges
[    2.241224] On node 0, zone DMA: 4096 pages in unavailable ranges
[    2.269348] psci: probing for conduit method from DT.
[    2.270372] psci: PSCIv1.1 detected in firmware.
[    2.270795] psci: Using standard PSCI v0.2 function IDs
[    2.271275] psci: Trusted OS migration not required
[    2.271767] psci: SMC Calling Convention v1.2
[    2.272489] percpu: Embedded 26 pages/cpu s69032 r8192 d29272 u106496
[    2.273256] Detected VIPT I-cache on CPU0
[    2.273659] CPU features: detected: GIC system register CPU interface
[    2.274247] CPU features: detected: Virtualization Host Extensions
[    2.274819] CPU features: detected: ARM errata 1165522, 1319367, or 1530923
[    2.275456] alternatives: applying boot alternatives
[    2.278020] Built 1 zonelists, mobility grouping on.  Total pages: 2059848
[    2.278657] Kernel command line: storagemedia=emmc androidboot.storagemedia=emmc androidboot.mode=normal  androidboot.verifiedbootstate=orange androidboot.serialno=de08d5f0c67a619c  rw rootwait earlycon=uart8250,mmio32,0xfeb50000 console=ttyFIQ0 irqchip.gicv3_pseudo_nmi=0 root=PARTUUID=614e0000-0000 rcupdate.rcu_expedited=1 rcu_nocbs=all androidboot.fwver=ddr-v1.18-9fa84341ce,spl-v1.13,bl31-v1.47,bl32-v1.17,uboot-11/15/2024
[    2.282292] Unknown kernel command line parameters "storagemedia=emmc", will be passed to user space.
[    2.283882] Dentry cache hash table entries: 1048576 (order: 11, 8388608 bytes, linear)
[    2.284980] Inode-cache hash table entries: 524288 (order: 10, 4194304 bytes, linear)
[    2.285698] mem auto-init: stack:all(zero), heap alloc:off, heap free:off
[    2.286319] software IO TLB: area num 8.
[    2.298288] software IO TLB: mapped [mem 0x00000000e9f00000-0x00000000edf00000] (64MB)
[    2.354819] Memory: 7838164K/8370176K available (20544K kernel code, 3684K rwdata, 7352K rodata, 7616K init, 662K bss, 269868K reserved, 262144K cma-reserved)
[    2.356221] SLUB: HWalign=64, Order=0-3, MinObjects=0, CPUs=8, Nodes=1
[    2.356848] ftrace: allocating 62817 entries in 246 pages
[    2.439162] ftrace: allocated 246 pages with 6 groups
[    2.439721] trace event string verifier disabled
[    2.440320] rcu: Hierarchical RCU implementation.
[    2.440753] rcu: 	RCU event tracing is enabled.
[    2.441168] 	All grace periods are expedited (rcu_expedited).
[    2.441692] 	Rude variant of Tasks RCU enabled.
[    2.442105] rcu: RCU calculated value of scheduler-enlistment delay is 25 jiffies.
[    2.449847] NR_IRQS: 64, nr_irqs: 64, preallocated irqs: 0
[    2.452793] GICv3: GIC: Using split EOI/Deactivate mode
[    2.453275] GICv3: 480 SPIs implemented
[    2.453627] GICv3: 0 Extended SPIs implemented
[    2.454059] Root IRQ handler: gic_handle_irq
[    2.454461] GICv3: GICv3 features: 16 PPIs
[    2.455241] GICv3: CPU0: found redistributor 0 region 0:0x00000000fe680000
[    2.456136] ITS [mem 0xfe640000-0xfe65ffff]
[    2.456563] ITS@0x00000000fe640000: allocated 8192 Devices @100210000 (indirect, esz 8, psz 64K, shr 0)
[    2.457439] ITS@0x00000000fe640000: allocated 32768 Interrupt Collections @100220000 (flat, esz 2, psz 64K, shr 0)
[    2.458389] ITS: using cache flushing for cmd queue
[    2.458856] ITS [mem 0xfe660000-0xfe67ffff]
[    2.459271] ITS@0x00000000fe660000: allocated 8192 Devices @100240000 (indirect, esz 8, psz 64K, shr 0)
[    2.460144] ITS@0x00000000fe660000: allocated 32768 Interrupt Collections @100250000 (flat, esz 2, psz 64K, shr 0)
[    2.461093] ITS: using cache flushing for cmd queue
[    2.461709] GICv3: using LPI property table @0x0000000100260000
[    2.462351] GIC: using cache flushing for LPI property table
[    2.462870] GICv3: CPU0: using allocated LPI pending table @0x0000000100270000
[    2.463574] rcu: 	Offload RCU callbacks from CPUs: 0-7.
[    2.464063] rcu: srcu_init: Setting srcu_struct sizes based on contention.
[    2.570469] arch_timer: cp15 timer(s) running at 24.00MHz (phys).
[    2.571038] clocksource: arch_sys_counter: mask: 0xffffffffffffff max_cycles: 0x588fe9dc0, max_idle_ns: 440795202592 ns
[    2.572032] sched_clock: 56 bits at 24MHz, resolution 41ns, wraps every 4398046511097ns
[    2.573875] Console: colour dummy device 80x25
[    2.574348] Calibrating delay loop (skipped), value calculated using timer frequency.. 48.00 BogoMIPS (lpj=96000)
[    2.575297] pid_max: default: 32768 minimum: 301
[    2.575849] Mount-cache hash table entries: 16384 (order: 5, 131072 bytes, linear)
[    2.576562] Mountpoint-cache hash table entries: 16384 (order: 5, 131072 bytes, linear)
[    2.578442] cblist_init_generic: Setting adjustable number of callback queues.
[    2.579109] cblist_init_generic: Setting shift to 3 and lim to 1.
[    2.579792] rcu: Hierarchical SRCU implementation.
[    2.580234] rcu: 	Max phase no-delay instances is 1000.
[    2.581514] Platform MSI: msi-controller@fe640000 domain created
[    2.582078] Platform MSI: msi-controller@fe660000 domain created
[    2.582936] PCI/MSI: /interrupt-controller@fe600000/msi-controller@fe640000 domain created
[    2.583708] PCI/MSI: /interrupt-controller@fe600000/msi-controller@fe660000 domain created
[    2.584626] EFI services will not be available.
[    2.585257] smp: Bringing up secondary CPUs ...
I/TC: Secondary CPU 1 initializing
I/TC: Secondary CPU 1 switching to normal world boot
I/TC: Secondary CPU 2 initializing
I/TC: Secondary CPU 2 switching to normal world boot
I/TC: Secondary CPU 3 initializing
I/TC: Secondary CPU 3 switching to normal world boot
I/TC: Secondary CPU 4 initializing
I/TC: Secondary CPU 4 switching to normal world boot
I/TC: Secondary CPU 5 initializing
I/TC: Secondary CPU 5 switching to normal world boot
I/TC: Secondary CPU 6 initializing
I/TC: Secondary CPU 6 switching to normal world boot
I/TC: Secondary CPU 7 initializing
I/TC: Secondary CPU 7 switching to normal world boot
[    2.586783] Detected VIPT I-cache on CPU1
[    2.586855] GICv3: CPU1: found redistributor 100 region 0:0x00000000fe6a0000
[    2.586872] GICv3: CPU1: using allocated LPI pending table @0x0000000100280000
[    2.586908] CPU1: Booted secondary processor 0x0000000100 [0x412fd050]
[    2.588033] Detected VIPT I-cache on CPU2
[    2.588097] GICv3: CPU2: found redistributor 200 region 0:0x00000000fe6c0000
[    2.588112] GICv3: CPU2: using allocated LPI pending table @0x0000000100290000
[    2.588144] CPU2: Booted secondary processor 0x0000000200 [0x412fd050]
[    2.589258] Detected VIPT I-cache on CPU3
[    2.589318] GICv3: CPU3: found redistributor 300 region 0:0x00000000fe6e0000
[    2.589333] GICv3: CPU3: using allocated LPI pending table @0x00000001002a0000
[    2.589362] CPU3: Booted secondary processor 0x0000000300 [0x412fd050]
[    2.590498] CPU features: detected: Spectre-v4
[    2.590501] CPU features: detected: Spectre-BHB
[    2.590504] Detected PIPT I-cache on CPU4
[    2.590543] GICv3: CPU4: found redistributor 400 region 0:0x00000000fe700000
[    2.590552] GICv3: CPU4: using allocated LPI pending table @0x00000001002b0000
[    2.590572] CPU4: Booted secondary processor 0x0000000400 [0x414fd0b0]
[    2.591667] Detected PIPT I-cache on CPU5
[    2.591711] GICv3: CPU5: found redistributor 500 region 0:0x00000000fe720000
[    2.591720] GICv3: CPU5: using allocated LPI pending table @0x00000001002c0000
[    2.591740] CPU5: Booted secondary processor 0x0000000500 [0x414fd0b0]
[    2.592813] Detected PIPT I-cache on CPU6
[    2.592856] GICv3: CPU6: found redistributor 600 region 0:0x00000000fe740000
[    2.592864] GICv3: CPU6: using allocated LPI pending table @0x00000001002d0000
[    2.592885] CPU6: Booted secondary processor 0x0000000600 [0x414fd0b0]
[    2.593956] Detected PIPT I-cache on CPU7
[    2.594001] GICv3: CPU7: found redistributor 700 region 0:0x00000000fe760000
[    2.594010] GICv3: CPU7: using allocated LPI pending table @0x00000001002e0000
[    2.594030] CPU7: Booted secondary processor 0x0000000700 [0x414fd0b0]
[    2.594074] smp: Brought up 1 node, 8 CPUs
[    2.611172] SMP: Total of 8 processors activated.
[    2.611605] CPU features: detected: 32-bit EL0 Support
[    2.612078] CPU features: detected: Data cache clean to the PoU not required for I/D coherence
[    2.612872] CPU features: detected: Common not Private translations
[    2.613449] CPU features: detected: CRC32 instructions
[    2.613923] CPU features: detected: RCpc load-acquire (LDAPR)
[    2.614450] CPU features: detected: LSE atomic instructions
[    2.614963] CPU features: detected: Privileged Access Never
[    2.615475] CPU features: detected: RAS Extension Support
[    2.615973] CPU features: detected: Speculative Store Bypassing Safe (SSBS)
[    2.616704] CPU: All CPU(s) started at EL2
[    2.617092] alternatives: applying system-wide alternatives
[    2.623657] devtmpfs: initialized
[    2.633910] Registered cp15_barrier emulation handler
[    2.634380] Registered setend emulation handler
[    2.634852] clocksource: jiffies: mask: 0xffffffff max_cycles: 0xffffffff, max_idle_ns: 7645041785100000 ns
[    2.635741] futex hash table entries: 2048 (order: 5, 131072 bytes, linear)
[    2.637904] pinctrl core: initialized pinctrl subsystem
[    2.638582] DMI not present or invalid.
[    2.639027] NET: Registered PF_NETLINK/PF_ROUTE protocol family
[    2.640037] DMA: preallocated 1024 KiB GFP_KERNEL pool for atomic allocations
[    2.640823] DMA: preallocated 1024 KiB GFP_KERNEL|GFP_DMA pool for atomic allocations
[    2.641647] DMA: preallocated 1024 KiB GFP_KERNEL|GFP_DMA32 pool for atomic allocations
[    2.642800] Registered FIQ tty driver
[    2.643228] thermal_sys: Registered thermal governor 'fair_share'
[    2.643230] thermal_sys: Registered thermal governor 'step_wise'
[    2.643784] thermal_sys: Registered thermal governor 'user_space'
[    2.644329] thermal_sys: Registered thermal governor 'power_allocator'
[    2.644894] cpuidle: using governor menu
[    2.645939] hw-breakpoint: found 6 breakpoint and 4 watchpoint registers.
[    2.646633] ASID allocator initialised with 65536 entries
[    2.648834] ramoops: dmesg-0	0x18000@0x0000000000110000
[    2.649311] ramoops: dmesg-1	0x18000@0x0000000000128000
[    2.650371] ramoops: console	0x80000@0x0000000000140000
[    2.650859] ramoops: pmsg	0x30000@0x00000000001c0000
[    2.651527] printk: console [ramoops-1] enabled
[    2.651941] pstore: Registered ramoops as persistent store backend
[    2.652504] ramoops: using 0xe0000@0x110000, ecc: 0
[    2.677111] platform fdd90000.vop: Fixed dependency cycle(s) with /dp@fde50000
[    2.677788] platform fde50000.dp: Fixed dependency cycle(s) with /vop@fdd90000
[    2.678675] platform fdd90000.vop: Fixed dependency cycle(s) with /hdmi@fde80000
[    2.679369] platform fde80000.hdmi: Fixed dependency cycle(s) with /vop@fdd90000
[    2.684765] platform fed80000.phy: Fixed dependency cycle(s) with /i2c@feac0000/fusb302@22/connector
[    2.690950] rockchip-gpio fd8a0000.gpio: probed /pinctrl/gpio@fd8a0000
[    2.691713] rockchip-gpio fec20000.gpio: probed /pinctrl/gpio@fec20000
[    2.692439] rockchip-gpio fec30000.gpio: probed /pinctrl/gpio@fec30000
[    2.693197] rockchip-gpio fec40000.gpio: probed /pinctrl/gpio@fec40000
[    2.693947] rockchip-gpio fec50000.gpio: probed /pinctrl/gpio@fec50000
[    2.694569] rockchip-pinctrl pinctrl: probed pinctrl
[    2.696065] platform fdd90000.vop: Fixed dependency cycle(s) with /hdmi@fdea0000
[    2.696759] platform fdea0000.hdmi: Fixed dependency cycle(s) with /vop@fdd90000
[    2.703912] fiq_debugger fiq_debugger.0: error -ENXIO: IRQ fiq not found
[    2.704528] fiq_debugger fiq_debugger.0: error -ENXIO: IRQ wakeup not found
[    2.705164] fiq_debugger_probe: could not install nmi irq handler
[[    2.705754] printk: console [ttyFIQ0] enabled
    2.705754] printk: console [ttyFIQ0] enabled
[    2.706529] printk: bootconsole [uart8250] disabled
[    2.706529] printk: bootconsole [uart8250] disabled
[    2.707027] Registered fiq debugger ttyFIQ0
[    2.767981] iommu: Default domain type: Translated 
[    2.767990] iommu: DMA domain TLB invalidation policy: strict mode 
[    2.768114] SCSI subsystem initialized
[    2.768172] usbcore: registered new interface driver usbfs
[    2.768185] usbcore: registered new interface driver hub
[    2.768196] usbcore: registered new device driver usb
[    2.768237] mc: Linux media interface: v0.10
[    2.768249] videodev: Linux video capture interface: v2.00
[    2.768272] pps_core: LinuxPPS API ver. 1 registered
[    2.768276] pps_core: Software ver. 5.3.6 - Copyright 2005-2007 Rodolfo Giometti <giometti@linux.it>
[    2.768282] PTP clock support registered
[    2.768296] EDAC MC: Ver: 3.0.0
[    2.768528] arm-scmi firmware:scmi: Enabled polling mode TX channel - prot_id:16
[    2.768565] arm-scmi firmware:scmi: SCMI Notifications - Core Enabled.
[    2.768592] arm-scmi firmware:scmi: SCMI Protocol v2.0 'rockchip:' Firmware version 0x0
[    2.769539] Advanced Linux Sound Architecture Driver Initialized.
[    2.769734] Bluetooth: Core ver 2.22
[    2.769745] NET: Registered PF_BLUETOOTH protocol family
[    2.769749] Bluetooth: HCI device and connection manager initialized
[    2.769754] Bluetooth: HCI socket layer initialized
[    2.769759] Bluetooth: L2CAP socket layer initialized
[    2.769765] Bluetooth: SCO socket layer initialized
[    2.771012] rockchip-cpuinfo cpuinfo: SoC		: 35881000
[    2.771018] rockchip-cpuinfo cpuinfo: Serial		: de08d5f0c67a619c
[    2.771265] clocksource: Switched to clocksource arch_sys_counter
[    2.773968] NET: Registered PF_INET protocol family
[    2.774064] IP idents hash table entries: 131072 (order: 8, 1048576 bytes, linear)
[    2.776924] tcp_listen_portaddr_hash hash table entries: 4096 (order: 4, 65536 bytes, linear)
[    2.776974] Table-perturb hash table entries: 65536 (order: 6, 262144 bytes, linear)
[    2.776990] TCP established hash table entries: 65536 (order: 7, 524288 bytes, linear)
[    2.777327] TCP bind hash table entries: 65536 (order: 9, 2097152 bytes, linear)
[    2.778616] TCP: Hash tables configured (established 65536 bind 65536)
[    2.778652] UDP hash table entries: 4096 (order: 5, 131072 bytes, linear)
[    2.778777] UDP-Lite hash table entries: 4096 (order: 5, 131072 bytes, linear)
[    2.778940] NET: Registered PF_UNIX/PF_LOCAL protocol family
[    2.779101] RPC: Registered named UNIX socket transport module.
[    2.779106] RPC: Registered udp transport module.
[    2.779109] RPC: Registered tcp transport module.
[    2.779113] RPC: Registered tcp NFSv4.1 backchannel transport module.
[    2.779435] PCI: CLS 0 bytes, default 64
[    2.779994] rockchip-thermal fec00000.tsadc: Missing rockchip,grf property
[    2.780188] thermal thermal_zone1: power_allocator: sustainable_power will be estimated
[    2.780237] thermal thermal_zone2: power_allocator: sustainable_power will be estimated
[    2.780284] thermal thermal_zone3: power_allocator: sustainable_power will be estimated
[    2.780333] thermal thermal_zone4: power_allocator: sustainable_power will be estimated
[    2.780382] thermal thermal_zone5: power_allocator: sustainable_power will be estimated
[    2.780431] thermal thermal_zone6: power_allocator: sustainable_power will be estimated
[    2.780612] rockchip-thermal fec00000.tsadc: tsadc is probed successfully!
[    2.781286] hw perfevents: enabled with armv8_pmuv3 PMU driver, 7 counters available
[    3.003761] Initialise system trusted keyrings
[    3.003881] workingset: timestamp_bits=62 max_order=21 bucket_order=0
[    3.005320] squashfs: version 4.0 (2009/01/31) Phillip Lougher
[    3.005534] NFS: Registering the id_resolver key type
[    3.005547] Key type id_resolver registered
[    3.005550] Key type id_legacy registered
[    3.005563] ntfs: driver 2.1.32 [Flags: R/O].
[    3.005605] jffs2: version 2.2. (NAND) Â© 2001-2006 Red Hat, Inc.
[    3.005686] fuse: init (API version 7.37)
[    3.005804] SGI XFS with security attributes, no debug enabled
[    3.026387] NET: Registered PF_ALG protocol family
[    3.026396] Key type asymmetric registered
[    3.026400] Asymmetric key parser 'x509' registered
[    3.026418] Block layer SCSI generic (bsg) driver version 0.4 loaded (major 242)
[    3.026424] io scheduler mq-deadline registered
[    3.026428] io scheduler kyber registered
[    3.027353] rockchip-csi2-dphy-hw fedc0000.csi2-dphy0-hw: csi2 dphy hw probe successfully!
[    3.027419] rockchip-csi2-dphy-hw fedc8000.csi2-dphy1-hw: csi2 dphy hw probe successfully!
[    3.033623] rockchip-hdptx-phy-hdmi fed60000.hdmiphy: hdptx phy init success
[    3.034144] rockchip-hdptx-phy-hdmi fed70000.hdmiphy: hdptx phy init success
[    3.036051] rk-pcie fe150000.pcie: invalid prsnt-gpios property in node
[    3.036184] rk-pcie fe170000.pcie: invalid prsnt-gpios property in node
[    3.036282] iep: Module initialized.
[    3.036309] mpp_service mpp-srv: unknown mpp version for missing VCS info
[    3.036314] mpp_service mpp-srv: probe start
[    3.037447] mpp_vepu2 jpege-ccu: probing start
[    3.037453] mpp_vepu2 jpege-ccu: probing finish
[    3.041303] mpp_rkvdec2 fdc30000.rkvdec-ccu: rkvdec-ccu, probing start
[    3.041355] mpp_rkvdec2 fdc30000.rkvdec-ccu: ccu-mode: 1
[    3.041360] mpp_rkvdec2 fdc30000.rkvdec-ccu: probing finish
[    3.041561] mpp_rkvenc2 rkvenc-ccu: probing start
[    3.041566] mpp_rkvenc2 rkvenc-ccu: probing finish
[    3.041571] rk-pcie fe170000.pcie: host bridge /pcie@fe170000 ranges:
[    3.041622] rk-pcie fe170000.pcie:       IO 0x00f2100000..0x00f21fffff -> 0x00f2100000
[    3.041654] rk-pcie fe170000.pcie:      MEM 0x00f2200000..0x00f2ffffff -> 0x00f2200000
[    3.041671] rk-pcie fe170000.pcie:      MEM 0x0980000000..0x09bfffffff -> 0x0980000000
[    3.041721] rk-pcie fe170000.pcie: iATU unroll: enabled
[    3.041731] rk-pcie fe170000.pcie: iATU regions: 8 ob, 8 ib, align 64K, limit 8G
[    3.041890] mpp_service mpp-srv: probe success
[    3.052484] rk-pcie fe150000.pcie: host bridge /pcie@fe150000 ranges:
[    3.052496] rk-pcie fe150000.pcie:       IO 0x00f0100000..0x00f01fffff -> 0x00f0100000
[    3.052506] rk-pcie fe150000.pcie:      MEM 0x00f0200000..0x00f0ffffff -> 0x00f0200000
[    3.052512] rk-pcie fe150000.pcie:      MEM 0x0900000000..0x093fffffff -> 0x0900000000
[    3.052549] rk-pcie fe150000.pcie: iATU unroll: enabled
[    3.052553] rk-pcie fe150000.pcie: iATU regions: 8 ob, 8 ib, align 64K, limit 8G
[    3.059168] dma-pl330 fea10000.dma-controller: Loaded driver for PL330 DMAC-241330
[    3.059180] dma-pl330 fea10000.dma-controller: 	DBUFF-128x8bytes Num_Chans-8 Num_Peri-32 Num_Events-16
[    3.059768] dma-pl330 fea30000.dma-controller: Loaded driver for PL330 DMAC-241330
[    3.059775] dma-pl330 fea30000.dma-controller: 	DBUFF-128x8bytes Num_Chans-8 Num_Peri-32 Num_Events-16
[    3.060347] dma-pl330 fed10000.dma-controller: Loaded driver for PL330 DMAC-241330
[    3.060353] dma-pl330 fed10000.dma-controller: 	DBUFF-128x8bytes Num_Chans-8 Num_Peri-32 Num_Events-16
[    3.060787] rockchip-pvtm fda40000.pvtm: pvtm@0 probed
[    3.060831] rockchip-pvtm fda50000.pvtm: pvtm@1 probed
[    3.060867] rockchip-pvtm fda60000.pvtm: pvtm@2 probed
[    3.060908] rockchip-pvtm fdaf0000.pvtm: pvtm@3 probed
[    3.060942] rockchip-pvtm fdb30000.pvtm: pvtm@4 probed
[    3.061319] rockchip-system-monitor rockchip-system-monitor: system monitor probe
[    3.061954] Serial: 8250/16550 driver, 15 ports, IRQ sharing disabled
[    3.062351] feb90000.serial: ttyS6 at MMIO 0xfeb90000 (irq = 38, base_baud = 1500000) is a 16550A
[    3.067012] rk_iommu fdca0000.iommu: av1d iommu enabled
[    3.068005] rockchip-vop2 fdd90000.vop: Adding to iommu group 15
[    3.074510] rockchip-vop2 fdd90000.vop: [drm:vop2_bind] vp0 assign plane mask: Cluster0 | Esmart0[0x5], primary plane phy id: Cluster0[0]
[    3.074533] rockchip-vop2 fdd90000.vop: [drm:vop2_bind] vp1 assign plane mask: Cluster1 | Esmart1[0xa], primary plane phy id: Cluster1[1]
[    3.074545] rockchip-vop2 fdd90000.vop: [drm:vop2_bind] vp2 assign plane mask: Cluster2 | Esmart2[0x140], primary plane phy id: Cluster2[6]
[    3.074557] rockchip-vop2 fdd90000.vop: [drm:vop2_bind] vp3 assign plane mask: Cluster3 | Esmart3[0x280], primary plane phy id: Cluster3[7]
[    3.074635] rockchip-vop2 fdd90000.vop: [drm:vop2_bind] Esmart0-win0 as cursor plane for vp0
[    3.074701] rockchip-vop2 fdd90000.vop: [drm:vop2_bind] Esmart1-win0 as cursor plane for vp1
[    3.074769] rockchip-vop2 fdd90000.vop: [drm:vop2_bind] Esmart2-win0 as cursor plane for vp2
[    3.074798] [drm] failed to init overlay plane Cluster0-win1
[    3.074802] [drm] failed to init overlay plane Cluster1-win1
[    3.074806] [drm] failed to init overlay plane Cluster2-win1
[    3.074829] [drm] failed to init overlay plane Cluster3-win1
[    3.082344] rockchip-vop2 fdd90000.vop: bin=0
[    3.082546] rockchip-vop2 fdd90000.vop: leakage=26
[    3.082554] rockchip-vop2 fdd90000.vop: leakage-volt-sel=0
[    3.082587] rockchip-vop2 fdd90000.vop: error -ENODEV: _opp_set_regulators: no regulator (vop) found
[    3.082611] rockchip-vop2 fdd90000.vop: failed to set opp config
[    3.082616] rockchip-vop2 fdd90000.vop: failed to init opp info
[    3.082621] rockchip-vop2 fdd90000.vop: Unsupported VOP aclk dvfs
[    3.082633] rockchip-drm display-subsystem: bound fdd90000.vop (ops 0xffffffc00952bd88)
[    3.083020] dwhdmi-rockchip fde80000.hdmi: registered ddc I2C bus driver
[    3.083400] rockchip-drm display-subsystem: bound fde80000.hdmi (ops 0xffffffc009544ff0)
[    3.083757] dwhdmi-rockchip fdea0000.hdmi: registered ddc I2C bus driver
[    3.084078] rockchip-drm display-subsystem: bound fdea0000.hdmi (ops 0xffffffc009544ff0)
[    3.084238] rockchip-drm display-subsystem: bound fde50000.dp (ops 0xffffffc009548638)
[    3.085183] [drm] Initialized rockchip 4.0.0 20140818 for display-subsystem on minor 0
[    3.085220] rockchip-drm display-subsystem: route-dp0: failed to get logo,offset
[    3.085229] rockchip-drm display-subsystem: can't not find any logo display
[    3.085236] rockchip-drm display-subsystem: failed to show kernel logo
[    3.088401] dw-hdmi-qp-hdcp dw-hdmi-qp-hdcp.2.auto: dw_hdcp_qp_hdcp_probe success
[    3.088480] dw-hdmi-qp-hdcp dw-hdmi-qp-hdcp.5.auto: dw_hdcp_qp_hdcp_probe success
[    3.090491] brd: module loaded
[    3.092354] loop: module loaded
[    3.092486] zram: Added device: zram0
[    3.092603] lkdtm: No crash points registered, enable through debugfs
[    3.094190] rockchip-spi feb20000.spi: no high_speed pinctrl state
[    3.094449] spi spi2.0: Fixed dependency cycle(s) with /spi@feb20000/rk806single@0/regulators/DCDC_REG7
[    3.094477] spi spi2.0: Fixed dependency cycle(s) with /spi@feb20000/rk806single@0/pinctrl_rk806/rk806_dvs1_pwrdn
[    3.094486] spi spi2.0: Fixed dependency cycle(s) with /spi@feb20000/rk806single@0/pinctrl_rk806/rk806_dvs3_null
[    3.094495] spi spi2.0: Fixed dependency cycle(s) with /spi@feb20000/rk806single@0/pinctrl_rk806/rk806_dvs2_null
[    3.094502] spi spi2.0: Fixed dependency cycle(s) with /spi@feb20000/rk806single@0/pinctrl_rk806/rk806_dvs1_null
[    3.094898] rk806 spi2.0: chip id: RK806,ver:0x2, 0x1
[    3.095010] rk806 spi2.0: ON: 0x40 OFF:0x0
[    3.105472] rk806 spi2.0: no sleep-setting state
[    3.105481] rk806 spi2.0: no reset-setting pinctrl state
[    3.105486] rk806 spi2.0: no dvs-setting pinctrl state
[    3.106718] rockchip-spi feb20000.spi: probed, poll=0, rsd=0, cs-inactive=0, ready=0
[    3.107617] spi-nor spi5.0: XT25F128B (16384 Kbytes) read_data x4
[    3.107645] 1 fixed-partitions partitions found on MTD device sfc_nor
[    3.107652] Creating 1 MTD partitions on "sfc_nor":
[    3.107658] 0x000000000000-0x000001000000 : "loader"
[    3.108604] CAN device driver interface
[    3.109472] usbcore: registered new interface driver rtl8150
[    3.109484] usbcore: registered new device driver r8152-cfgselector
[    3.109498] usbcore: registered new interface driver r8152
[    3.109788] platform fc000000.usb: Fixed dependency cycle(s) with /i2c@feac0000/fusb302@22
[    3.123454] xhci-hcd xhci-hcd.12.auto: xHCI Host Controller
[    3.123532] xhci-hcd xhci-hcd.12.auto: new USB bus registered, assigned bus number 1
[    3.123601] xhci-hcd xhci-hcd.12.auto: hcc params 0x0220fe64 hci version 0x110 quirks 0x0000808002010010
[    3.123622] xhci-hcd xhci-hcd.12.auto: irq 76, io mem 0xfcd00000
[    3.123676] xhci-hcd xhci-hcd.12.auto: xHCI Host Controller
[    3.123740] xhci-hcd xhci-hcd.12.auto: new USB bus registered, assigned bus number 2
[    3.123748] xhci-hcd xhci-hcd.12.auto: Host supports USB 3.0 SuperSpeed
[    3.123799] usb usb1: New USB device found, idVendor=1d6b, idProduct=0002, bcdDevice= 6.01
[    3.123807] usb usb1: New USB device strings: Mfr=3, Product=2, SerialNumber=1
[    3.123813] usb usb1: Product: xHCI Host Controller
[    3.123818] usb usb1: Manufacturer: Linux 6.1.84-rockchip-standard xhci-hcd
[    3.123823] usb usb1: SerialNumber: xhci-hcd.12.auto
[    3.124013] hub 1-0:1.0: USB hub found
[    3.124027] hub 1-0:1.0: 1 port detected
[    3.124140] usb usb2: We don't know the algorithms for LPM for this host, disabling LPM.
[    3.124170] usb usb2: New USB device found, idVendor=1d6b, idProduct=0003, bcdDevice= 6.01
[    3.124177] usb usb2: New USB device strings: Mfr=3, Product=2, SerialNumber=1
[    3.124182] usb usb2: Product: xHCI Host Controller
[    3.124188] usb usb2: Manufacturer: Linux 6.1.84-rockchip-standard xhci-hcd
[    3.124193] usb usb2: SerialNumber: xhci-hcd.12.auto
[    3.124349] hub 2-0:1.0: USB hub found
[    3.124360] hub 2-0:1.0: 1 port detected
[    3.124507] phy phy-fd5d4000.syscon:usb2-phy@4000.3: illegal mode
[    3.124514] xhci-hcd xhci-hcd.13.auto: xHCI Host Controller
[    3.124577] xhci-hcd xhci-hcd.13.auto: new USB bus registered, assigned bus number 3
[    3.124651] xhci-hcd xhci-hcd.13.auto: hcc params 0x0220fe64 hci version 0x110 quirks 0x0000808002010010
[    3.124669] xhci-hcd xhci-hcd.13.auto: irq 77, io mem 0xfc400000
[    3.124737] xhci-hcd xhci-hcd.13.auto: xHCI Host Controller
[    3.124793] xhci-hcd xhci-hcd.13.auto: new USB bus registered, assigned bus number 4
[    3.124800] xhci-hcd xhci-hcd.13.auto: Host supports USB 3.0 SuperSpeed
[    3.124841] usb usb3: New USB device found, idVendor=1d6b, idProduct=0002, bcdDevice= 6.01
[    3.124848] usb usb3: New USB device strings: Mfr=3, Product=2, SerialNumber=1
[    3.124853] usb usb3: Product: xHCI Host Controller
[    3.124858] usb usb3: Manufacturer: Linux 6.1.84-rockchip-standard xhci-hcd
[    3.124863] usb usb3: SerialNumber: xhci-hcd.13.auto
[    3.125013] hub 3-0:1.0: USB hub found
[    3.125024] hub 3-0:1.0: 1 port detected
[    3.125113] ehci-platform fc800000.usb: EHCI Host Controller
[    3.125120] ohci-platform fc840000.usb: Generic Platform OHCI controller
[    3.125129] usb usb4: We don't know the algorithms for LPM for this host, disabling LPM.
[    3.125155] ehci-platform fc880000.usb: EHCI Host Controller
[    3.125159] usb usb4: New USB device found, idVendor=1d6b, idProduct=0003, bcdDevice= 6.01
[    3.125161] ohci-platform fc8c0000.usb: Generic Platform OHCI controller
[    3.125163] usb usb4: New USB device strings: Mfr=3, Product=2, SerialNumber=1
[    3.125167] usb usb4: Product: xHCI Host Controller
[    3.125169] usb usb4: Manufacturer: Linux 6.1.84-rockchip-standard xhci-hcd
[    3.125172] usb usb4: SerialNumber: xhci-hcd.13.auto
[    3.125324] hub 4-0:1.0: USB hub found
[    3.125334] hub 4-0:1.0: 1 port detected
[    3.125471] usbcore: registered new interface driver cdc_acm
[    3.125477] cdc_acm: USB Abstract Control Model driver for USB modems and ISDN adapters
[    3.125519] ohci-platform fc840000.usb: new USB bus registered, assigned bus number 5
[    3.125541] ohci-platform fc8c0000.usb: new USB bus registered, assigned bus number 7
[    3.125544] ehci-platform fc800000.usb: new USB bus registered, assigned bus number 6
[    3.125553] ehci-platform fc880000.usb: new USB bus registered, assigned bus number 8
[    3.125568] ohci-platform fc840000.usb: irq 80, io mem 0xfc840000
[    3.125586] ohci-platform fc8c0000.usb: irq 81, io mem 0xfc8c0000
[    3.125603] ehci-platform fc880000.usb: irq 79, io mem 0xfc880000
[    3.125611] usbcore: registered new interface driver uas
[    3.125646] usbcore: registered new interface driver usb-storage
[    3.125658] ehci-platform fc800000.usb: irq 78, io mem 0xfc800000
[    3.125675] usbcore: registered new interface driver usbserial_generic
[    3.125685] usbserial: USB Serial support registered for generic
[    3.125698] usbcore: registered new interface driver cp210x
[    3.125706] usbserial: USB Serial support registered for cp210x
[    3.125726] usbcore: registered new interface driver ftdi_sio
[    3.125734] usbserial: USB Serial support registered for FTDI USB Serial Device
[    3.125776] usbcore: registered new interface driver keyspan
[    3.125785] usbserial: USB Serial support registered for Keyspan - (without firmware)
[    3.125794] usbserial: USB Serial support registered for Keyspan 1 port adapter
[    3.125802] usbserial: USB Serial support registered for Keyspan 2 port adapter
[    3.125810] usbserial: USB Serial support registered for Keyspan 4 port adapter
[    3.125824] usbcore: registered new interface driver option
[    3.125832] usbserial: USB Serial support registered for GSM modem (1-port)
[    3.125893] usbcore: registered new interface driver oti6858
[    3.125902] usbserial: USB Serial support registered for oti6858
[    3.125915] usbcore: registered new interface driver pl2303
[    3.125922] usbserial: USB Serial support registered for pl2303
[    3.125941] usbcore: registered new interface driver qcserial
[    3.125949] usbserial: USB Serial support registered for Qualcomm USB modem
[    3.125967] usbcore: registered new interface driver sierra
[    3.125976] usbserial: USB Serial support registered for Sierra USB modem
[    3.126379] usbcore: registered new interface driver usbtouchscreen
[    3.127202] input: rk805 pwrkey as /devices/platform/feb20000.spi/spi_master/spi2/spi2.0/rk805-pwrkey.10.auto/input/input0
[    3.127432] i2c_dev: i2c /dev entries driver
[    3.139276] ehci-platform fc880000.usb: USB 2.0 started, EHCI 1.00
[    3.139388] usb usb8: New USB device found, idVendor=1d6b, idProduct=0002, bcdDevice= 6.01
[    3.139397] usb usb8: New USB device strings: Mfr=3, Product=2, SerialNumber=1
[    3.139403] usb usb8: Product: EHCI Host Controller
[    3.139408] usb usb8: Manufacturer: Linux 6.1.84-rockchip-standard ehci_hcd
[    3.139414] usb usb8: SerialNumber: fc880000.usb
[    3.139612] hub 8-0:1.0: USB hub found
[    3.139632] hub 8-0:1.0: 1 port detected
[    3.155273] ehci-platform fc800000.usb: USB 2.0 started, EHCI 1.00
[    3.155467] usb usb6: New USB device found, idVendor=1d6b, idProduct=0002, bcdDevice= 6.01
[    3.155488] usb usb6: New USB device strings: Mfr=3, Product=2, SerialNumber=1
[    3.155501] usb usb6: Product: EHCI Host Controller
[    3.155512] usb usb6: Manufacturer: Linux 6.1.84-rockchip-standard ehci_hcd
[    3.155524] usb usb6: SerialNumber: fc800000.usb
[    3.155892] hub 6-0:1.0: USB hub found
[    3.155921] hub 6-0:1.0: 1 port detected
[    3.159451] dw-apb-uart feb90000.serial: Failed to create device link (0x180) with 6-0051
[    3.162331] rtc-hym8563 6-0051: rtc information is valid
[    3.169221] rtc-hym8563 6-0051: registered as rtc0
[    3.170218] rtc-hym8563 6-0051: setting system clock to 2021-01-01T12:30:15 UTC (1609504215)
[    3.170229] dw-apb-uart feb90000.serial: Failed to create device link (0x180) with 6-0051
[    3.171532] rockchip-mipi-csi2-hw fdd10000.mipi0-csi2-hw: enter mipi csi2 hw probe!
[    3.171610] rockchip-mipi-csi2-hw fdd10000.mipi0-csi2-hw: probe success, v4l2_dev:mipi0-csi2-hw!
[    3.171641] rockchip-mipi-csi2-hw fdd20000.mipi1-csi2-hw: enter mipi csi2 hw probe!
[    3.171695] rockchip-mipi-csi2-hw fdd20000.mipi1-csi2-hw: probe success, v4l2_dev:mipi1-csi2-hw!
[    3.171720] rockchip-mipi-csi2-hw fdd30000.mipi2-csi2-hw: enter mipi csi2 hw probe!
[    3.171772] rockchip-mipi-csi2-hw fdd30000.mipi2-csi2-hw: probe success, v4l2_dev:mipi2-csi2-hw!
[    3.171796] rockchip-mipi-csi2-hw fdd40000.mipi3-csi2-hw: enter mipi csi2 hw probe!
[    3.171848] rockchip-mipi-csi2-hw fdd40000.mipi3-csi2-hw: probe success, v4l2_dev:mipi3-csi2-hw!
[    3.171871] rockchip-mipi-csi2-hw fdd50000.mipi4-csi2-hw: enter mipi csi2 hw probe!
[    3.171921] rockchip-mipi-csi2-hw fdd50000.mipi4-csi2-hw: probe success, v4l2_dev:mipi4-csi2-hw!
[    3.171945] rockchip-mipi-csi2-hw fdd60000.mipi5-csi2-hw: enter mipi csi2 hw probe!
[    3.171997] rockchip-mipi-csi2-hw fdd60000.mipi5-csi2-hw: probe success, v4l2_dev:mipi5-csi2-hw!
[    3.173742] rk_hdmirx fdee0000.hdmirx-controller: No reserved memory for HDMIRX, use default CMA
[    3.173761] rk_hdmirx fdee0000.hdmirx-controller: hdmirx_get_phy_cpuid_func: mpidr: 0x0000000500, phy_cpuid:0x5
[    3.173777] rk_hdmirx fdee0000.hdmirx-controller: hdmirx_probe: cpu_aff:0x500, Bound_cpu:5, wdt_cfg_bound_cpu:2, phy_cpuid:5
[    3.174280] rk_hdmirx fdee0000.hdmirx-controller: hdmirx_audio_interrupts_setup: 0
[    3.174918] rk_hdmirx fdee0000.hdmirx-controller: rk_hdmirx_hdcp_register success
[    3.174937] rk_hdmirx fdee0000.hdmirx-controller: fdee0000.hdmirx-controller driver probe ok!
[    3.175342] usbcore: registered new interface driver uvcvideo
[    3.175922] Bluetooth: HCI UART driver ver 2.3
[    3.175929] Bluetooth: HCI UART protocol H4 registered
[    3.175934] Bluetooth: HCI UART protocol ATH3K registered
[    3.175960] usbcore: registered new interface driver bfusb
[    3.175979] usbcore: registered new interface driver btusb
[    3.176739] cpu cpu0: bin=0
[    3.176921] cpu cpu0: leakage=8
[    3.178364] cpu cpu0: pvtm=1408
[    3.178522] cpu cpu0: pvtm-volt-sel=0
[    3.180415] cpu cpu4: bin=0
[    3.180590] cpu cpu4: leakage=7
[    3.187148] cpu cpu4: pvtm=1632
[    3.187308] usb usb7: New USB device found, idVendor=1d6b, idProduct=0001, bcdDevice= 6.01
[    3.187315] usb usb7: New USB device strings: Mfr=3, Product=2, SerialNumber=1
[    3.187319] usb usb7: Product: Generic Platform OHCI controller
[    3.187322] usb usb7: Manufacturer: Linux 6.1.84-rockchip-standard ohci_hcd
[    3.187326] usb usb7: SerialNumber: fc8c0000.usb
[    3.187464] hub 7-0:1.0: USB hub found
[    3.187473] hub 7-0:1.0: 1 port detected
[    3.187571] usb usb5: New USB device found, idVendor=1d6b, idProduct=0001, bcdDevice= 6.01
[    3.187581] usb usb5: New USB device strings: Mfr=3, Product=2, SerialNumber=1
[    3.187587] usb usb5: Product: Generic Platform OHCI controller
[    3.187592] usb usb5: Manufacturer: Linux 6.1.84-rockchip-standard ohci_hcd
[    3.187597] usb usb5: SerialNumber: fc840000.usb
[    3.187781] hub 5-0:1.0: USB hub found
[    3.187793] hub 5-0:1.0: 1 port detected
[    3.191167] cpu cpu4: pvtm-volt-sel=2
[    3.193817] cpu cpu6: bin=0
[    3.193991] cpu cpu6: leakage=7
[    3.200521] cpu cpu6: pvtm=1627
[    3.204518] cpu cpu6: pvtm-volt-sel=2
[    3.206346] cpu cpu0: avs=0
[    3.207432] cpu cpu4: avs=0
[    3.208348] cpu cpu6: avs=0
[    3.208434] cpu cpu0: l=15000 h=85000 hyst=5000 l_limit=0 h_limit=1608000000 h_table=0
[    3.208851] cpu cpu0: EM: created perf domain
[    3.209448] cpu cpu4: l=15000 h=85000 hyst=5000 l_limit=0 h_limit=2208000000 h_table=0
[    3.217564] cpu cpu4: EM: created perf domain
[    3.218117] cpu cpu6: l=15000 h=85000 hyst=5000 l_limit=0 h_limit=2208000000 h_table=0
[    3.226519] cpu cpu6: EM: created perf domain
[    3.227979] sdhci: Secure Digital Host Controller Interface driver
[    3.227989] sdhci: Copyright(c) Pierre Ossman
[    3.227994] Synopsys Designware Multimedia Card Interface Driver
[    3.228592] sdhci-pltfm: SDHCI platform and OF driver helper
[    3.228920] dwmmc_rockchip fe2d0000.mmc: No normal pinctrl state
[    3.228929] dwmmc_rockchip fe2d0000.mmc: No idle pinctrl state
[    3.229036] dwmmc_rockchip fe2d0000.mmc: IDMAC supports 32-bit address mode.
[    3.229049] dwmmc_rockchip fe2d0000.mmc: Using internal DMA controller.
[    3.229057] dwmmc_rockchip fe2d0000.mmc: Version ID is 270a
[    3.229082] dwmmc_rockchip fe2d0000.mmc: DW MMC controller at irq 105,32 bit host data width,256 deep fifo
[    3.229179] dwmmc_rockchip fe2c0000.mmc: No normal pinctrl state
[    3.229191] dwmmc_rockchip fe2c0000.mmc: No idle pinctrl state
[    3.229249] dwmmc_rockchip fe2c0000.mmc: IDMAC supports 32-bit address mode.
[    3.229263] dwmmc_rockchip fe2c0000.mmc: Using internal DMA controller.
[    3.229273] dwmmc_rockchip fe2c0000.mmc: Version ID is 270a
[    3.229300] dwmmc_rockchip fe2c0000.mmc: DW MMC controller at irq 106,32 bit host data width,256 deep fifo
[    3.229885] dwmmc_rockchip fe2d0000.mmc: allocated mmc-pwrseq
[    3.229896] mmc_host mmc2: card is non-removable.
[    3.230198] arm-scmi firmware:scmi: Failed. SCMI protocol 17 not active.
[    3.230251] SMCCC: SOC_ID: ARCH_SOC_ID not implemented, skipping ....
[    3.230872] cryptodev: driver 1.12 loaded.
[    3.230911] hid: raw HID events driver (C) Jiri Kosina
[    3.231256] usbcore: registered new interface driver usbhid
[    3.231282] usbhid: USB HID core driver
[    3.232455] mmc0: CQHCI version 5.10
[    3.242555] mmc_host mmc2: Bus speed (slot 0) = 400000Hz (slot req 400000Hz, actual 400000HZ div = 0)
[    3.247538] optee: probing for conduit method.
[    3.247565] optee: revision 3.13 (6c78a7d8)
[    3.247990] optee: dynamic shared memory is enabled
[    3.248132] optee: initialized driver
[    3.248820] usbcore: registered new interface driver snd-usb-audio
[    3.252325] rockchip-i2s-tdm fddf0000.i2s: CLK-ALWAYS-ON: mclk: 12288000, bclk: 3072000, fsync: 48000
[    3.252729] rockchip-i2s-tdm fe470000.i2s: Register PCM for TRCM mode
[    3.252940] rockchip-i2s-tdm fddf4000.i2s: CLK-ALWAYS-ON: mclk: 12288000, bclk: 3072000, fsync: 48000
[    3.252999] rockchip-i2s-tdm fddf8000.i2s: Init RX wait-time-ms: 50
[    3.254663] input: rockchip-hdmi0 rockchip-hdmi0 as /devices/platform/hdmi0-sound/sound/card0/input1
[    3.254727] mmc_host mmc1: Bus speed (slot 0) = 400000Hz (slot req 400000Hz, actual 400000HZ div = 0)
[    3.254779] rk-pcie fe150000.pcie: PCIe Linking... LTSSM is 0x0
[    3.255949] input: rockchip-hdmi1 rockchip-hdmi1 as /devices/platform/hdmi1-sound/sound/card1/input2
[    3.256217] debugfs: File 'Capture' in directory 'dapm' already present!
[    3.256587] input: rockchip-hdmi2 rockchip-hdmi2 as /devices/platform/dp0-sound/sound/card2/input3
[    3.263497] mmc0: SDHCI controller on fe2e0000.mmc [fe2e0000.mmc] using ADMA
[    3.268104] debugfs: File 'Capture' in directory 'dapm' already present!
[    3.268540] input: rockchip,hdmiin rockchip,hdmiin as /devices/platform/hdmiin-sound/sound/card3/input4
[    3.269044] input: headset-keys as /devices/platform/es8316-sound/input/input5
[    3.269136] rk-multicodecs es8316-sound: ASoC: Property 'rockchip,audio-routing' does not exist or its length is not even
[    3.275796] rk-pcie fe150000.pcie: PCIe Linking... LTSSM is 0x0
[    3.282979] mmc_host mmc2: Bus speed (slot 0) = 300000Hz (slot req 300000Hz, actual 300000HZ div = 0)
[    3.296878] rk-pcie fe150000.pcie: PCIe Linking... LTSSM is 0x0
[    3.307315] rk-pcie fe170000.pcie: PCIe Link up, LTSSM is 0x30011
[    3.307346] rk-pcie fe170000.pcie: PCIe Gen.1 x1 link up
[    3.307479] rk-pcie fe170000.pcie: PCI host bridge to bus 0002:20
[    3.307496] pci_bus 0002:20: root bus resource [bus 20-2f]
[    3.307513] pci_bus 0002:20: root bus resource [io  0x0000-0xfffff] (bus address [0xf2100000-0xf21fffff])
[    3.307527] pci_bus 0002:20: root bus resource [mem 0xf2200000-0xf2ffffff]
[    3.307548] pci_bus 0002:20: root bus resource [mem 0x980000000-0x9bfffffff pref]
[    3.307597] pci 0002:20:00.0: [1d87:3588] type 01 class 0x060400
[    3.307631] pci 0002:20:00.0: reg 0x38: [mem 0x00000000-0x0000ffff pref]
[    3.307702] pci 0002:20:00.0: supports D1 D2
[    3.307714] pci 0002:20:00.0: PME# supported from D0 D1 D3hot
[    3.318000] rk-pcie fe150000.pcie: PCIe Linking... LTSSM is 0x0
[    3.318156] pci 0002:20:00.0: Primary bus is hard wired to 0
[    3.318174] pci 0002:20:00.0: bridge configuration invalid ([bus 01-ff]), reconfiguring
[    3.318366] pci 0002:21:00.0: [10ec:b852] type 00 class 0x028000
[    3.318442] pci 0002:21:00.0: reg 0x10: initial BAR value 0x00000000 invalid
[    3.318451] pci 0002:21:00.0: reg 0x10: [io  size 0x0100]
[    3.318543] pci 0002:21:00.0: reg 0x18: [mem 0x00000000-0x000fffff 64bit]
[    3.318964] pci 0002:21:00.0: PME# supported from D0 D3hot D3cold
[    3.322547] mmc0: Command Queue Engine enabled
[    3.322559] mmc0: new HS400 Enhanced strobe MMC card at address 0001
[    3.322840] mmcblk0: mmc0:0001 CUTB42 58.2 GiB 
[    3.326159] GPT:Primary header thinks Alt. header is not at the end of the disk.
[    3.326173] GPT:2735353 != 122142719
[    3.326177] GPT:Alternate GPT header not at the end of the disk.
[    3.326181] GPT:2735353 != 122142719
[    3.326185] GPT: Use GNU Parted to correct GPT errors.
[    3.326198]  mmcblk0: p1 p2 p3
[    3.326600] mmcblk0boot0: mmc0:0001 CUTB42 4.00 MiB 
[    3.326999] mmcblk0boot1: mmc0:0001 CUTB42 4.00 MiB 
[    3.327422] mmcblk0rpmb: mmc0:0001 CUTB42 16.0 MiB, chardev (235:0)
[    3.327851] mmc_host mmc2: Bus speed (slot 0) = 200000Hz (slot req 200000Hz, actual 200000HZ div = 0)
[    3.331359] pci_bus 0002:21: busn_res: [bus 21-2f] end is updated to 21
[    3.331422] pci 0002:20:00.0: BAR 8: assigned [mem 0xf2200000-0xf22fffff]
[    3.331442] pci 0002:20:00.0: BAR 6: assigned [mem 0xf2300000-0xf230ffff pref]
[    3.331458] pci 0002:20:00.0: BAR 7: assigned [io  0x1000-0x1fff]
[    3.331476] pci 0002:21:00.0: BAR 2: assigned [mem 0xf2200000-0xf22fffff 64bit]
[    3.331542] pci 0002:21:00.0: BAR 0: assigned [io  0x1000-0x10ff]
[    3.331574] pci 0002:20:00.0: PCI bridge to [bus 21]
[    3.331598] pci 0002:20:00.0:   bridge window [io  0x1000-0x1fff]
[    3.331612] pci 0002:20:00.0:   bridge window [mem 0xf2200000-0xf22fffff]
[    3.333966] pcieport 0002:20:00.0: PME: Signaling with IRQ 122
[    3.339165] rk-pcie fe150000.pcie: PCIe Linking... LTSSM is 0x0
[    3.359453] rk-pcie fe150000.pcie: PCIe Linking... LTSSM is 0x0
[    3.378560] mmc_host mmc2: Bus speed (slot 0) = 187500Hz (slot req 187500Hz, actual 187500HZ div = 0)
[    3.380509] rk-pcie fe150000.pcie: PCIe Linking... LTSSM is 0x0
[    3.401590] rk-pcie fe150000.pcie: PCIe Linking... LTSSM is 0x0
[    3.411414] usb 6-1: new high-speed USB device number 2 using ehci-platform
[    3.415118] input: rockchip-es8316 Headset as /devices/platform/es8316-sound/sound/card4/input6
[    3.417775] Initializing XFRM netlink socket
[    3.418530] NET: Registered PF_INET6 protocol family
[    3.419112] Segment Routing with IPv6
[    3.419134] In-situ OAM (IOAM) with IPv6
[    3.419169] NET: Registered PF_PACKET protocol family
[    3.419178] NET: Registered PF_KEY protocol family
[    3.419308] can: controller area network core
[    3.419337] NET: Registered PF_CAN protocol family
[    3.419346] can: raw protocol
[    3.419353] can: broadcast manager protocol
[    3.419363] can: netlink gateway - max_hops=1
[    3.419494] Bluetooth: RFCOMM socket layer initialized
[    3.419509] Bluetooth: RFCOMM ver 1.11
[    3.419518] Bluetooth: HIDP (Human Interface Emulation) ver 1.2
[    3.419527] Bluetooth: HIDP socket layer initialized
[    3.419554] [BT_RFKILL]: Enter rfkill_rk_init
[    3.419560] [WLAN_RFKILL]: Enter rfkill_wlan_init
[    3.419883] [WLAN_RFKILL]: Enter rfkill_wlan_probe
[    3.419905] [WLAN_RFKILL]: can't find rockchip,grf property
[    3.419911] [WLAN_RFKILL]: wlan_platdata_parse_dt: wifi_chip_type = ap6256
[    3.419916] [WLAN_RFKILL]: wlan_platdata_parse_dt: enable wifi power control.
[    3.419922] [WLAN_RFKILL]: wlan_platdata_parse_dt: wifi power controled by gpio.
[    3.419946] [WLAN_RFKILL]: wlan_platdata_parse_dt: WIFI,host_wake_irq = 10, flags = 0.
[    3.419956] [WLAN_RFKILL]: wlan_platdata_parse_dt: The ref_wifi_clk not found !
[    3.419962] [WLAN_RFKILL]: rfkill_wlan_probe: init gpio
[    3.419969] [WLAN_RFKILL]: rfkill_set_wifi_bt_power: 1
[    3.419975] [WLAN_RFKILL]: Exit rfkill_wlan_probe
[    3.420167] Key type dns_resolver registered
[    3.421456] Loading compiled-in X.509 certificates
[    3.422118] pstore: Using crash dump compression: deflate
[    3.422711] rk-pcie fe150000.pcie: PCIe Linking... LTSSM is 0x0
[    3.422716] vendor storage:20190527 ret = 0
[    3.425489] rga3 fdb60000.rga: Adding to iommu group 2
[    3.425938] rga3 fdb60000.rga: probe successfully, irq = 43, hw_version:3.0.76831
[    3.426050] rga3 fdb70000.rga: Adding to iommu group 3
[    3.426339] rga3 fdb70000.rga: probe successfully, irq = 44, hw_version:3.0.76831
[    3.426995] rga2 fdb80000.rga: probe successfully, irq = 124, hw_version:3.2.63318
[    3.427149] rga: IOMMU binding successfully, default mapping core[0x1]
[    3.427311] rga: Module initialized. v1.3.5
[    3.443279] rk-pcie fe150000.pcie: PCIe Linking... LTSSM is 0x0
[    3.449948] mpp_vdpu2 fdb50400.vdpu: Adding to iommu group 1
[    3.449949] rk-pcie fe190000.pcie: invalid prsnt-gpios property in node
[    3.450245] mpp_vdpu2 fdb50400.vdpu: probe device
[    3.450326] mpp_vdpu2 fdb50400.vdpu: reset_group->rw_sem_on=0
[    3.450331] mpp_vdpu2 fdb50400.vdpu: reset_group->rw_sem_on=0
[    3.450351] mpp_vdpu2 fdb50400.vdpu: probing finish
[    3.450406] mpp_vepu2 fdb50000.vepu: Adding to iommu group 1
[    3.450418] mpp_vepu2 fdb50000.vepu: probing start
[    3.450459] mpp_vepu2 fdb50000.vepu: reset_group->rw_sem_on=0
[    3.450462] mpp_vepu2 fdb50000.vepu: reset_group->rw_sem_on=0
[    3.450471] mpp_vepu2 fdb50000.vepu: probing finish
[    3.450527] mpp_vepu2 fdba0000.jpege-core: Adding to iommu group 5
[    3.450566] mpp_vepu2 fdba0000.jpege-core: probing start
[    3.450613] mpp_vepu2 fdba0000.jpege-core: attach ccu success
[    3.450623] mpp_vepu2 fdba0000.jpege-core: probing finish
[    3.450674] mpp_vepu2 fdba4000.jpege-core: Adding to iommu group 6
[    3.450715] mpp_vepu2 fdba4000.jpege-core: probing start
[    3.450760] mpp_vepu2 fdba4000.jpege-core: attach ccu success
[    3.450769] mpp_vepu2 fdba4000.jpege-core: probing finish
[    3.450821] mpp_vepu2 fdba8000.jpege-core: Adding to iommu group 7
[    3.450860] mpp_vepu2 fdba8000.jpege-core: probing start
[    3.450903] mpp_vepu2 fdba8000.jpege-core: attach ccu success
[    3.450911] mpp_vepu2 fdba8000.jpege-core: probing finish
[    3.450957] mpp_vepu2 fdbac000.jpege-core: Adding to iommu group 8
[    3.450999] mpp_vepu2 fdbac000.jpege-core: probing start
[    3.451042] mpp_vepu2 fdbac000.jpege-core: attach ccu success
[    3.451051] mpp_vepu2 fdbac000.jpege-core: probing finish
[    3.451095] mpp-iep2 fdbb0000.iep: Adding to iommu group 9
[    3.451136] mpp-iep2 fdbb0000.iep: probe device
[    3.451192] mpp-iep2 fdbb0000.iep: probing finish
[    3.451247] mpp_jpgdec fdb90000.jpegd: Adding to iommu group 4
[    3.451349] mpp_jpgdec fdb90000.jpegd: probe device
[    3.451414] mpp_jpgdec fdb90000.jpegd: probing finish
[    3.451476] mpp_rkvdec2 fdc38100.rkvdec-core: Adding to iommu group 12
[    3.451602] mpp_rkvdec2 fdc38100.rkvdec-core: rkvdec-core, probing start
[    3.451657] mpp_rkvdec2 fdc38100.rkvdec-core: shared_niu_a is not found!
[    3.451660] rkvdec2_init:1198: No niu aclk reset resource define
[    3.451663] mpp_rkvdec2 fdc38100.rkvdec-core: shared_niu_h is not found!
[    3.451665] rkvdec2_init:1201: No niu hclk reset resource define
[    3.453531] mpp_rkvdec2 fdc38100.rkvdec-core: no regulator, devfreq is disabled
[    3.453569] mpp_rkvdec2 fdc38100.rkvdec-core: core_mask=00010001
[    3.453572] mpp_rkvdec2 fdc38100.rkvdec-core: attach ccu as core 0
[    3.453668] mpp_rkvdec2 fdc38100.rkvdec-core: sram_start 0x00000000ff001000
[    3.453672] mpp_rkvdec2 fdc38100.rkvdec-core: rcb_iova 0x00000000fff00000
[    3.453675] mpp_rkvdec2 fdc38100.rkvdec-core: sram_size 491520
[    3.453678] mpp_rkvdec2 fdc38100.rkvdec-core: rcb_size 1048576
[    3.453681] mpp_rkvdec2 fdc38100.rkvdec-core: min_width 512
[    3.453685] mpp_rkvdec2 fdc38100.rkvdec-core: rcb_info_count 20
[    3.453688] mpp_rkvdec2 fdc38100.rkvdec-core: [136, 24576]
[    3.453691] mpp_rkvdec2 fdc38100.rkvdec-core: [137, 49152]
[    3.453693] mpp_rkvdec2 fdc38100.rkvdec-core: [141, 90112]
[    3.453696] mpp_rkvdec2 fdc38100.rkvdec-core: [140, 49152]
[    3.453699] mpp_rkvdec2 fdc38100.rkvdec-core: [139, 180224]
[    3.453702] mpp_rkvdec2 fdc38100.rkvdec-core: [133, 49152]
[    3.453705] mpp_rkvdec2 fdc38100.rkvdec-core: [134, 8192]
[    3.453707] mpp_rkvdec2 fdc38100.rkvdec-core: [135, 4352]
[    3.453710] mpp_rkvdec2 fdc38100.rkvdec-core: [138, 13056]
[    3.453713] mpp_rkvdec2 fdc38100.rkvdec-core: [142, 291584]
[    3.453729] mpp_rkvdec2 fdc38100.rkvdec-core: probing finish
[    3.453799] mpp_rkvdec2 fdc48100.rkvdec-core: Adding to iommu group 13
[    3.453842] rk-pcie fe190000.pcie: host bridge /pcie@fe190000 ranges:
[    3.453864] rk-pcie fe190000.pcie:       IO 0x00f4100000..0x00f41fffff -> 0x00f4100000
[    3.453879] rk-pcie fe190000.pcie:      MEM 0x00f4200000..0x00f4ffffff -> 0x00f4200000
[    3.453889] rk-pcie fe190000.pcie:      MEM 0x0a00000000..0x0a3fffffff -> 0x0a00000000
[    3.453924] mpp_rkvdec2 fdc48100.rkvdec-core: rkvdec-core, probing start
[    3.453940] rk-pcie fe190000.pcie: iATU unroll: enabled
[    3.453947] rk-pcie fe190000.pcie: iATU regions: 8 ob, 8 ib, align 64K, limit 8G
[    3.453988] mpp_rkvdec2 fdc48100.rkvdec-core: shared_niu_a is not found!
[    3.453992] rkvdec2_init:1198: No niu aclk reset resource define
[    3.453995] mpp_rkvdec2 fdc48100.rkvdec-core: shared_niu_h is not found!
[    3.453998] rkvdec2_init:1201: No niu hclk reset resource define
[    3.454011] mpp_rkvdec2 fdc48100.rkvdec-core: no regulator, devfreq is disabled
[    3.454036] mpp_rkvdec2 fdc48100.rkvdec-core: core_mask=00020002
[    3.454049] mpp_rkvdec2 fdc48100.rkvdec-core: attach ccu as core 1
[    3.454157] mpp_rkvdec2 fdc48100.rkvdec-core: sram_start 0x00000000ff079000
[    3.454160] mpp_rkvdec2 fdc48100.rkvdec-core: rcb_iova 0x00000000ffe00000
[    3.454163] mpp_rkvdec2 fdc48100.rkvdec-core: sram_size 487424
[    3.454166] mpp_rkvdec2 fdc48100.rkvdec-core: rcb_size 1048576
[    3.454169] mpp_rkvdec2 fdc48100.rkvdec-core: min_width 512
[    3.454173] mpp_rkvdec2 fdc48100.rkvdec-core: rcb_info_count 20
[    3.454176] mpp_rkvdec2 fdc48100.rkvdec-core: [136, 24576]
[    3.454179] mpp_rkvdec2 fdc48100.rkvdec-core: [137, 49152]
[    3.454182] mpp_rkvdec2 fdc48100.rkvdec-core: [141, 90112]
[    3.454184] mpp_rkvdec2 fdc48100.rkvdec-core: [140, 49152]
[    3.454187] mpp_rkvdec2 fdc48100.rkvdec-core: [139, 180224]
[    3.454190] mpp_rkvdec2 fdc48100.rkvdec-core: [133, 49152]
[    3.454193] mpp_rkvdec2 fdc48100.rkvdec-core: [134, 8192]
[    3.454196] mpp_rkvdec2 fdc48100.rkvdec-core: [135, 4352]
[    3.454199] mpp_rkvdec2 fdc48100.rkvdec-core: [138, 13056]
[    3.454202] mpp_rkvdec2 fdc48100.rkvdec-core: [142, 291584]
[    3.454216] mpp_rkvdec2 fdc48100.rkvdec-core: probing finish
[    3.454277] mpp_rkvenc2 fdbd0000.rkvenc-core: Adding to iommu group 10
[    3.454365] mpp_rkvenc2 fdbd0000.rkvenc-core: probing start
[    3.454444] mpp_rkvenc2 fdbd0000.rkvenc-core: rockchip_init_read_margin: no regulator (venc) found: -19
[    3.454449] mpp_rkvenc2 fdbd0000.rkvenc-core: bin=0
[    3.454632] mpp_rkvenc2 fdbd0000.rkvenc-core: leakage=10
[    3.454636] mpp_rkvenc2 fdbd0000.rkvenc-core: leakage-volt-sel=0
[    3.454656] mpp_rkvenc2 fdbd0000.rkvenc-core: error -ENODEV: _opp_set_regulators: no regulator (venc) found
[    3.454674] mpp_rkvenc2 fdbd0000.rkvenc-core: failed to set opp config
[    3.454678] mpp_rkvenc2 fdbd0000.rkvenc-core: failed to init opp info
[    3.454681] mpp_rkvenc2 fdbd0000.rkvenc-core: failed to init_opp_table
[    3.454683] rkvenc_init:2147: failed to add venc devfreq
[    3.454701] mpp_rkvenc2 fdbd0000.rkvenc-core: attach ccu as core 0
[    3.454713] mpp_rkvenc2 fdbd0000.rkvenc-core: probing finish
[    3.454781] mpp_rkvenc2 fdbe0000.rkvenc-core: Adding to iommu group 11
[    3.454874] mpp_rkvenc2 fdbe0000.rkvenc-core: probing start
[    3.454943] mpp_rkvenc2 fdbe0000.rkvenc-core: rockchip_init_read_margin: no regulator (venc) found: -19
[    3.454947] mpp_rkvenc2 fdbe0000.rkvenc-core: bin=0
[    3.455113] mpp_rkvenc2 fdbe0000.rkvenc-core: leakage=10
[    3.455117] mpp_rkvenc2 fdbe0000.rkvenc-core: leakage-volt-sel=0
[    3.455130] mpp_rkvenc2 fdbe0000.rkvenc-core: error -ENODEV: _opp_set_regulators: no regulator (venc) found
[    3.455139] mpp_rkvenc2 fdbe0000.rkvenc-core: failed to set opp config
[    3.455141] mpp_rkvenc2 fdbe0000.rkvenc-core: failed to init opp info
[    3.455144] mpp_rkvenc2 fdbe0000.rkvenc-core: failed to init_opp_table
[    3.455147] rkvenc_init:2147: failed to add venc devfreq
[    3.455180] mpp_rkvenc2 fdbe0000.rkvenc-core: attach ccu as core 1
[    3.455191] mpp_rkvenc2 fdbe0000.rkvenc-core: probing finish
[    3.455257] mpp_av1dec fdc70000.av1d: Adding to iommu group 14
[    3.455383] mpp_av1dec fdc70000.av1d: probing start
[    3.455465] mpp_av1dec fdc70000.av1d: probing finish
[    3.455786] mali fb000000.gpu: Kernel DDK version g25p0-00eac0
[    3.455824] mali fb000000.gpu: GPU metrics tracepoint support enabled
[    3.455904] rockchip-dmc dmc: bin=0
[    3.456070] rockchip-dmc dmc: leakage=26
[    3.456074] rockchip-dmc dmc: leakage-volt-sel=0
[    3.456079] rockchip-dmc dmc: soc version=0, speed=0
[    3.460543] mali fb000000.gpu: bin=0
[    3.460725] mali fb000000.gpu: leakage=12
[    3.460742] debugfs: Directory 'fb000000.gpu-mali' with parent 'vdd_gpu_s0' already present!
[    3.461352] rockchip-dmc dmc: avs=0
[    3.461361] rockchip-dmc dmc: current ATF version 0x100
[    3.461514] rockchip-dmc dmc: normal_rate = 1968000000
[    3.461518] rockchip-dmc dmc: reboot_rate = 2400000000
[    3.461521] rockchip-dmc dmc: suspend_rate = 534000000
[    3.461524] rockchip-dmc dmc: video_4k_rate = 1968000000
[    3.461527] rockchip-dmc dmc: video_4k_10b_rate = 1968000000
[    3.461531] rockchip-dmc dmc: video_svep_rate = 1968000000
[    3.461534] rockchip-dmc dmc: boost_rate = 2400000000
[    3.461537] rockchip-dmc dmc: fixed_rate(isp|cif0|cif1|dualview) = 2400000000
[    3.461540] rockchip-dmc dmc: performance_rate = 2400000000
[    3.461543] rockchip-dmc dmc: hdmirx_rate = 2400000000
[    3.461546] rockchip-dmc dmc: deep_suspend_rate = 2400000000
[    3.461552] rockchip-dmc dmc: failed to get vop bandwidth to dmc rate
[    3.461555] rockchip-dmc dmc: failed to get vop pn to msch rl
[    3.461807] rockchip-dmc dmc: l=15000 h=2147483647 hyst=5000 l_limit=0 h_limit=0 h_table=0
[    3.468489] mali fb000000.gpu: pvtm=862
[    3.468709] mali fb000000.gpu: pvtm-volt-sel=3
[    3.468738] debugfs: Directory 'fb000000.gpu-mali' with parent 'vdd_gpu_s0' already present!
[    3.469562] mali fb000000.gpu: avs=0
[    3.469581] W : [File] : /drivers/gpu/arm/bifrost/platform/rk/mali_kbase_config_rk.c; [Line] : 144; [Func] : kbase_platform_rk_init(); power-off-delay-ms not available.
[    3.470364] RKNPU fdab0000.npu: Adding to iommu group 0
[    3.470504] RKNPU fdab0000.npu: RKNPU: rknpu iommu is enabled, using iommu mode
[    3.476189] mali fb000000.gpu: Register LUT 000a0800 initialized for GPU arch 0x000a0806
[    3.476217] mali fb000000.gpu: r0p0 status 5 not found in HW issues table;
[    3.476225] mali fb000000.gpu: falling back to closest match: r0p0 status 0
[    3.476233] mali fb000000.gpu: Execution proceeding normally with fallback match
[    3.476240] mali fb000000.gpu: GPU identified as 0x7 arch 10.8.6 r0p0 status 0
[    3.476305] mali fb000000.gpu: CSF_GPU_RESET_TIMEOUT is capped from 20666ms to 4500ms
[    3.476316] mali fb000000.gpu: KBASE_PRFCNT_ACTIVE_TIMEOUT is capped from 40000ms to 4500ms
[    3.476323] mali fb000000.gpu: KBASE_AS_INACTIVE_TIMEOUT is capped from 40000ms to 4500ms
[    3.476331] mali fb000000.gpu: CSF_FIRMWARE_STOP_TIMEOUT is capped from 40000ms to 4500ms
[    3.476374] mali fb000000.gpu: No priority control manager is configured
[    3.476382] mali fb000000.gpu: Large page allocation set to false after hardware feature check
[    3.476653] mali fb000000.gpu: No memory group manager is configured
[    3.476691] mali fb000000.gpu: Protected memory allocator not available
[    3.476741] RKNPU fdab0000.npu: can't request region for resource [mem 0xfdab0000-0xfdabffff]
[    3.476774] RKNPU fdab0000.npu: can't request region for resource [mem 0xfdac0000-0xfdacffff]
[    3.476792] RKNPU fdab0000.npu: can't request region for resource [mem 0xfdad0000-0xfdadffff]
[    3.477221] [drm] Initialized rknpu 0.9.8 20240828 for fdab0000.npu on minor 1
[    3.477932] mali fb000000.gpu: EM: created perf domain
[    3.478382] mali fb000000.gpu: l=15000 h=85000 hyst=5000 l_limit=0 h_limit=800000000 h_table=0
[    3.485315] mali fb000000.gpu: * MALI kbase_mmap_min_addr compiled to CONFIG_DEFAULT_MMAP_MIN_ADDR, no runtime update possible! *
[    3.485330] mali fb000000.gpu: Probed as mali0
[    3.486954] RKNPU fdab0000.npu: RKNPU: bin=0
[    3.487145] RKNPU fdab0000.npu: leakage=7
[    3.487191] debugfs: Directory 'fdab0000.npu-rknpu' with parent 'vdd_npu_s0' already present!
[    3.495022] RKNPU fdab0000.npu: pvtm=861
[    3.503312] RKNPU fdab0000.npu: pvtm-volt-sel=3
[    3.503380] debugfs: Directory 'fdab0000.npu-rknpu' with parent 'vdd_npu_s0' already present!
[    3.505700] RKNPU fdab0000.npu: avs=0
[    3.505827] RKNPU fdab0000.npu: l=15000 h=85000 hyst=5000 l_limit=0 h_limit=800000000 h_table=0
[    3.527199] cfg80211: Loading compiled-in X.509 certificates for regulatory database
[    3.529102] cfg80211: Loaded X.509 cert 'sforshee: 00b28ddf47aef9cea7'
[    3.529717] cfg80211: Loaded X.509 cert 'wens: 61c038651aabdcf94bd0ac7ff06c7248db18c600'
[    3.531319] rockchip-pm rockchip-suspend: not set pwm-regulator-config
[    3.532167] rockchip-suspend not set sleep-mode-config for mem-lite
[    3.532176] rockchip-suspend not set wakeup-config for mem-lite
[    3.532186] rockchip-suspend not set sleep-mode-config for mem-ultra
[    3.532193] rockchip-suspend not set wakeup-config for mem-ultra
[    3.533251] I : [File] : /drivers/gpu/arm/mali400/mali/linux/mali_kernel_linux.c; [Line] : 407; [Func] : mali_module_init(); svn_rev_string_from_arm of this mali_ko is '', rk_ko_ver is '5', built at '13:15:12', on 'Mar 22 2025'.
[    3.533648] Mali: 
[    3.533651] Mali device driver loaded
[    3.533690] ALSA device list:
[    3.533698]   #0: rockchip-hdmi0
[    3.533706]   #1: rockchip-hdmi1
[    3.533714]   #2: rockchip-hdmi2
[    3.533721]   #3: rockchip,hdmiin
[    3.533729]   #4: rockchip-es8316
[    3.534314] platform regulatory.0: Direct firmware load for regulatory.db failed with error -2
[    3.534332] cfg80211: failed to load regulatory.db
[    3.566427] EXT4-fs (mmcblk0p3): mounted filesystem with ordered data mode. Quota mode: disabled.
[    3.566474] VFS: Mounted root (ext4 filesystem) on device 179:3.
[    3.566771] devtmpfs: mounted
[    3.569708] Freeing unused kernel memory: 7616K
[    3.569909] Run /sbin/init as init process
[    3.576774] usb 6-1: New USB device found, idVendor=1a40, idProduct=0101, bcdDevice= 1.11
[    3.576799] usb 6-1: New USB device strings: Mfr=0, Product=1, SerialNumber=0
[    3.576806] usb 6-1: Product: USB 2.0 Hub
[    3.577255] hub 6-1:1.0: USB hub found
[    3.577441] hub 6-1:1.0: 4 ports detected
INIT: version 3.04 booting
Starting udev
[    3.715332] rk-pcie fe190000.pcie: PCIe Link up, LTSSM is 0x130011
[    3.715392] rk-pcie fe190000.pcie: PCIe Gen.2 x1 link up
[    3.715604] rk-pcie fe190000.pcie: PCI host bridge to bus 0004:40
[    3.715622] pci_bus 0004:40: root bus resource [bus 40-4f]
[    3.715638] pci_bus 0004:40: root bus resource [io  0x200000-0x2fffff] (bus address [0xf4100000-0xf41fffff])
[    3.715650] pci_bus 0004:40: root bus resource [mem 0xf4200000-0xf4ffffff]
[    3.715661] pci_bus 0004:40: root bus resource [mem 0xa00000000-0xa3fffffff pref]
[    3.715708] pci 0004:40:00.0: [1d87:3588] type 01 class 0x060400
[    3.715736] pci 0004:40:00.0: reg 0x38: [mem 0x00000000-0x0000ffff pref]
[    3.715804] pci 0004:40:00.0: supports D1 D2
[    3.715815] pci 0004:40:00.0: PME# supported from D0 D1 D3hot
[    3.725685] pci 0004:40:00.0: Primary bus is hard wired to 0
[    3.725752] pci 0004:40:00.0: bridge configuration invalid ([bus 01-ff]), reconfiguring
[    3.725998] pci 0004:41:00.0: [10ec:8125] type 00 class 0x020000
[    3.726069] pci 0004:41:00.0: reg 0x10: [io  0x0000-0x00ff]
[    3.726149] pci 0004:41:00.0: reg 0x18: [mem 0x00000000-0x0000ffff 64bit]
[    3.726203] pci 0004:41:00.0: reg 0x20: [mem 0x00000000-0x00003fff 64bit]
[    3.726597] pci 0004:41:00.0: supports D1 D2
[    3.726611] pci 0004:41:00.0: PME# supported from D0 D1 D2 D3hot D3cold
[    3.735513] pci_bus 0004:41: busn_res: [bus 41-4f] end is updated to 41
[    3.735623] pci 0004:40:00.0: BAR 8: assigned [mem 0xf4200000-0xf42fffff]
[    3.735644] pci 0004:40:00.0: BAR 6: assigned [mem 0xf4300000-0xf430ffff pref]
[    3.735662] pci 0004:40:00.0: BAR 7: assigned [io  0x200000-0x200fff]
[    3.735681] pci 0004:41:00.0: BAR 2: assigned [mem 0xf4200000-0xf420ffff 64bit]
[    3.735732] pci 0004:41:00.0: BAR 4: assigned [mem 0xf4210000-0xf4213fff 64bit]
[    3.735779] pci 0004:41:00.0: BAR 0: assigned [io  0x200000-0x2000ff]
[    3.735803] pci 0004:40:00.0: PCI bridge to [bus 41]
[    3.735817] pci 0004:40:00.0:   bridge window [io  0x200000-0x200fff]
[    3.735833] pci 0004:40:00.0:   bridge window [mem 0xf4200000-0xf42fffff]
[    3.738724] pcieport 0004:40:00.0: PME: Signaling with IRQ 153
[    3.751311] usb 7-1: new full-speed USB device number 2 using ohci-platform
[    3.753504] udevd[285]: starting version 3.2.14
[    3.776492] udevd[286]: starting eudev-3.2.14
[    3.978374] usb 7-1: New USB device found, idVendor=04fe, idProduct=0021, bcdDevice= 0.01
[    3.978488] usb 7-1: New USB device strings: Mfr=1, Product=2, SerialNumber=0
[    3.978522] usb 7-1: Product: HHKB-Hybrid
[    3.978552] usb 7-1: Manufacturer: PFU Limited
[    3.987328] usb 6-1.3: new full-speed USB device number 3 using ehci-platform
[    3.988417] input: PFU Limited HHKB-Hybrid as /devices/platform/fc8c0000.usb/usb7/7-1/7-1:1.0/0003:04FE:0021.0001/input/input7
[    4.048560] hid-generic 0003:04FE:0021.0001: input,hidraw0: USB HID v1.11 Keyboard [PFU Limited HHKB-Hybrid] on usb-fc8c0000.usb-1/input0
[    4.062349] usbhid 7-1:1.1: can't add hid device: -62
[    4.062477] usbhid: probe of 7-1:1.1 failed with error -62
[    4.072476] usbhid 7-1:1.2: can't add hid device: -62
[    4.072572] usbhid: probe of 7-1:1.2 failed with error -62
[    4.073256] usb 7-1: USB disconnect, device number 2
[    4.222471] usb 6-1.3: New USB device found, idVendor=13d3, idProduct=3572, bcdDevice= 0.00
[    4.222500] usb 6-1.3: New USB device strings: Mfr=1, Product=2, SerialNumber=3
[    4.222512] usb 6-1.3: Product: Bluetooth Radio
[    4.222522] usb 6-1.3: Manufacturer: Realtek
[    4.222533] usb 6-1.3: SerialNumber: 00e04c000001
[    4.227367] Bluetooth: hci0: RTL: examining hci_ver=0b hci_rev=000b lmp_ver=0b lmp_subver=8852
[    4.229435] Bluetooth: hci0: RTL: rom_version status=0 version=1
[    4.229477] Bluetooth: hci0: RTL: loading rtl_bt/rtl8852bu_fw.bin
[    4.229901] bluetooth hci0: Direct firmware load for rtl_bt/rtl8852bu_fw.bin failed with error -2
[    4.229921] Bluetooth: hci0: RTL: firmware file rtl_bt/rtl8852bu_fw.bin not found
[    4.231337] fido_id[330]: Failed to open report descriptor at '/sys/devices/platform/fc8c0000.usb/usb7/report_descriptor': No such file or directory
[    4.787470] usb 7-1: new full-speed USB device number 3 using ohci-platform
[    5.014680] usb 7-1: New USB device found, idVendor=04fe, idProduct=0021, bcdDevice= 0.01
[    5.014762] usb 7-1: New USB device strings: Mfr=1, Product=2, SerialNumber=0
[    5.014796] usb 7-1: Product: HHKB-Hybrid
[    5.014824] usb 7-1: Manufacturer: PFU Limited
[    5.024977] input: PFU Limited HHKB-Hybrid as /devices/platform/fc8c0000.usb/usb7/7-1/7-1:1.0/0003:04FE:0021.0002/input/input8
[    5.084844] hid-generic 0003:04FE:0021.0002: input,hidraw0: USB HID v1.11 Keyboard [PFU Limited HHKB-Hybrid] on usb-fc8c0000.usb-1/input0
[    5.092802] input: PFU Limited HHKB-Hybrid Consumer Control as /devices/platform/fc8c0000.usb/usb7/7-1/7-1:1.1/0003:04FE:0021.0003/input/input9
[    5.152097] input: PFU Limited HHKB-Hybrid Keyboard as /devices/platform/fc8c0000.usb/usb7/7-1/7-1:1.1/0003:04FE:0021.0003/input/input10
[    5.152749] hid-generic 0003:04FE:0021.0003: input,hidraw1: USB HID v1.11 Keyboard [PFU Limited HHKB-Hybrid] on usb-fc8c0000.usb-1/input1
[    5.158439] hid-generic 0003:04FE:0021.0004: hiddev96,hidraw2: USB HID v1.11 Device [PFU Limited HHKB-Hybrid] on usb-fc8c0000.usb-1/input2
[    5.206630] rk_hdmirx fdee0000.hdmirx-controller: hdmirx_cancel_cpu_limit_freq freq qos nod add
[    5.359377] rk-pcie fe150000.pcie: PCIe Link Fail, LTSSM is 0x0, hw_retries=0
[    5.359464] rk-pcie fe150000.pcie: failed to initialize host
[    5.390499] EXT4-fs (mmcblk0p3): re-mounted. Quota mode: disabled.
INIT: Entering runlevel: 5
Configuring network interfaces... [    5.655523] rkvdec2_reset:1390: cru reset
[    5.655626] rkvdec2_reset:1390: cru reset
udhcpc: SIOCGIFINDEX: No such device
ifup: failed to bring up eth0
Starting system message bus: dbus.
Starting OpenBSD Secure Shell server: sshd
done.
Starting rpcbind daemon...done.
Starting bluetooth: bluetoothd.
Starting syslogd/klogd: done
 * Starting Avahi mDNS/DNS-SD Daemon: avahi-daemon
   ...done.
Starting Android Debug Bridge[    6.017040] file system registered
[    6.048229] read descriptors
[    6.048264] read strings
arm_release_ver: g13p0-01eac0, rk_so_ver: 11
525 
[    6.095759] mali fb000000.gpu: to load firmware image 'g25p0-00eac0.mali_csffw.bin'
[    6.097873] mali fb000000.gpu: Loading Mali firmware 0x1010000
[    6.100402] mali fb000000.gpu: Mali firmware git_sha: 8e5cfcfec20cc8aff8509d37e72babc935d34a3b 
.
[    6.105299] mali fb000000.gpu: CSF_SCHED_PROTM_PROGRESS_TIMEOUT is capped from 8738ms to 4500ms
[    6.114081] mali fb000000.gpu: Clearing BASE_MEM_UNCACHED_GPU flag to avoid MMA violation

Poky (Yocto Project Reference Distro) 5.0.8 rockchip-rk3588-rock-5b /dev/ttyFIQ0

rockchip-rk3588-rock-5b login: [    6.306771] dwc3 fc000000.usb: device reset
[    6.421023] android_work: sent uevent USB_STATE=CONNECTED
[    6.424396] dwc3 fc000000.usb: device reset
could not load cursor 'dnd-move'
could not load cursor 'dnd-copy'
could not load cursor 'dnd-none'
could not load cursor 'dnd-move'
could not load cursor 'dnd-copy'
could not load cursor 'dnd-none'
[    6.551973] android_work: sent uevent USB_STATE=CONFIGURED
[    6.571185] dwhdmi-rockchip fde80000.hdmi: use tmds mode
[    6.571352] rockchip-vop2 fdd90000.vop: [drm:vop2_crtc_atomic_enable] Update mode to 1920x1080p60, type: 11(if:HDMI0, flag:0x0) for vp0 dclk: 148500000
[    6.571943] rockchip-vop2 fdd90000.vop: [drm:vop2_crtc_atomic_enable] dclk_out0 div: 0 dclk_core0 div: 2
[    6.571980] rockchip-hdptx-phy-hdmi fed60000.hdmiphy: hdptx_ropll_cmn_config bus_width:16a8c8 rate:742500
[    6.572249] rockchip-hdptx-phy-hdmi fed60000.hdmiphy: hdptx phy pll locked!
[    6.572302] rockchip-hdptx-phy-hdmi fed60000.hdmiphy: hdptx_ropll_cmn_config bus_width:16a8c8 rate:1485000
[    6.572604] rockchip-hdptx-phy-hdmi fed60000.hdmiphy: hdptx phy pll locked!
[    6.572614] rockchip-vop2 fdd90000.vop: [drm:vop2_crtc_atomic_enable] set dclk_vop0 to 148500000, get 148500000
[    6.572677] dwhdmi-rockchip fde80000.hdmi: final tmdsclk = 148500000
[    6.572723] dwhdmi-rockchip fde80000.hdmi: don't use dsc mode
[    6.572732] dwhdmi-rockchip fde80000.hdmi: dw hdmi qp use tmds mode
[    6.572743] rockchip-hdptx-phy-hdmi fed60000.hdmiphy: bus_width:0x16a8c8,bit_rate:1485000
[    6.572941] rockchip-hdptx-phy-hdmi fed60000.hdmiphy: hdptx phy lane locked!
[    6.598857] dwhdmi-rockchip fde80000.hdmi: use tmds mode
[    6.626067] dwhdmi-rockchip fde80000.hdmi: use tmds mode
[    7.386804] dwhdmi-rockchip fde80000.hdmi: use tmds mode
[    7.535203] dwhdmi-rockchip fde80000.hdmi: use tmds mode
[    7.565482] dwhdmi-rockchip fde80000.hdmi: use tmds mode
[    9.676055] rockchip-vop2 fdd90000.vop: [drm:vop2_crtc_atomic_disable] Crtc atomic disable vp0
[   10.881670] dwhdmi-rockchip fde80000.hdmi: use tmds mode
[   10.882026] rockchip-vop2 fdd90000.vop: [drm:vop2_crtc_atomic_enable] Update mode to 1920x1080p60, type: 11(if:HDMI0, flag:0x0) for vp0 dclk: 148500000
[   10.882783] rockchip-hdptx-phy-hdmi fed60000.hdmiphy: hdptx_ropll_cmn_config bus_width:16a8c8 rate:1485000
[   10.883115] rockchip-hdptx-phy-hdmi fed60000.hdmiphy: hdptx phy pll locked!
[   10.883216] rockchip-vop2 fdd90000.vop: [drm:vop2_crtc_atomic_enable] dclk_out0 div: 0 dclk_core0 div: 2
[   10.883348] rockchip-vop2 fdd90000.vop: [drm:vop2_crtc_atomic_enable] set dclk_vop0 to 148500000, get 148500000
[   10.883456] dwhdmi-rockchip fde80000.hdmi: final tmdsclk = 148500000
[   10.883532] dwhdmi-rockchip fde80000.hdmi: don't use dsc mode
[   10.883554] dwhdmi-rockchip fde80000.hdmi: dw hdmi qp use tmds mode
[   10.883577] rockchip-hdptx-phy-hdmi fed60000.hdmiphy: bus_width:0x16a8c8,bit_rate:1485000
[   10.883827] rockchip-hdptx-phy-hdmi fed60000.hdmiphy: hdptx phy lane locked!

Poky (Yocto Project Reference Distro) 5.0.8 rockchip-rk3588-rock-5b /dev/ttyFIQ0

rockchip-rk3588-rock-5b login: [   16.108574] platform mtd_vendor_storage: deferred probe pending
[   48.630051] dwhdmi-rockchip fde80000.hdmi: use tmds mode
[   48.643167] dwhdmi-rockchip fde80000.hdmi: use tmds mode
[   48.656642] dwhdmi-rockchip fde80000.hdmi: use tmds mode

Poky (Yocto Project Reference Distro) 5.0.8 rockchip-rk3588-rock-5b /dev/ttyFIQ0

rockchip-rk3588-rock-5b login: 
Poky (Yocto Project Reference Distro) 5.0.8 rockchip-rk3588-rock-5b /dev/ttyFIQ0

rockchip-rk3588-rock-5b login: root

WARNING: Poky is a reference Yocto Project distribution that should be used for
testing and development purposes only. It is recommended that you create your
own distribution for production use.

root@rockchip-rk3588-rock-5b:~# 
root@rockchip-rk3588-rock-5b:~# 
root@rockchip-rk3588-rock-5b:~# ls
root@rockchip-rk3588-rock-5b:~# cd /
root@rockchip-rk3588-rock-5b:/# ls
bin         dev         home        lost+found  mnt         run         sys         tmp         var
boot        etc         lib         media       proc        sbin        system      usr         vendor
root@rockchip-rk3588-rock-5b:/# 
